stm32f1xx_hal.c:158:19:HAL_Init	8	static
stm32f1xx_hal.c:191:19:HAL_DeInit	8	static
stm32f1xx_hal.c:216:13:HAL_MspInit	4	static
stm32f1xx_hal.c:227:13:HAL_MspDeInit	4	static
stm32f1xx_hal.c:250:26:HAL_InitTick	16	static
stm32f1xx_hal.c:309:13:HAL_IncTick	4	static
stm32f1xx_hal.c:320:17:HAL_GetTick	4	static
stm32f1xx_hal.c:329:10:HAL_GetTickPrio	4	static
stm32f1xx_hal.c:338:19:HAL_SetTickFreq	24	static
stm32f1xx_hal.c:358:21:HAL_GetTickFreq	4	static
stm32f1xx_hal.c:374:13:HAL_Delay	24	static
stm32f1xx_hal.c:400:13:HAL_SuspendTick	4	static
stm32f1xx_hal.c:416:13:HAL_ResumeTick	4	static
stm32f1xx_hal.c:426:10:HAL_GetHalVersion	4	static
stm32f1xx_hal.c:442:10:HAL_GetREVID	4	static
stm32f1xx_hal.c:458:10:HAL_GetDEVID	4	static
stm32f1xx_hal.c:467:6:HAL_DBGMCU_EnableDBGSleepMode	4	static
stm32f1xx_hal.c:483:6:HAL_DBGMCU_DisableDBGSleepMode	4	static
stm32f1xx_hal.c:513:6:HAL_DBGMCU_EnableDBGStopMode	4	static
stm32f1xx_hal.c:529:6:HAL_DBGMCU_DisableDBGStopMode	4	static
stm32f1xx_hal.c:545:6:HAL_DBGMCU_EnableDBGStandbyMode	4	static
stm32f1xx_hal.c:561:6:HAL_DBGMCU_DisableDBGStandbyMode	4	static
stm32f1xx_hal.c:571:6:HAL_GetUID	16	static
