stm32f1xx_hal_pcd.c:148:19:HAL_PCD_Init	64	static
stm32f1xx_hal_pcd.c:222:19:HAL_PCD_DeInit	16	static
stm32f1xx_hal_pcd.c:248:13:HAL_PCD_MspInit	16	static
stm32f1xx_hal_pcd.c:262:13:HAL_PCD_MspDeInit	16	static
stm32f1xx_hal_pcd.c:295:19:HAL_PCD_Start	16	static
stm32f1xx_hal_pcd.c:310:19:HAL_PCD_Stop	16	static
stm32f1xx_hal_pcd.c:569:6:HAL_PCD_IRQHandler	16	static
stm32f1xx_hal_pcd.c:639:14:HAL_PCD_DataOutStageCallback	16	static
stm32f1xx_hal_pcd.c:655:14:HAL_PCD_DataInStageCallback	16	static
stm32f1xx_hal_pcd.c:669:14:HAL_PCD_SetupStageCallback	16	static
stm32f1xx_hal_pcd.c:683:14:HAL_PCD_SOFCallback	16	static
stm32f1xx_hal_pcd.c:697:14:HAL_PCD_ResetCallback	16	static
stm32f1xx_hal_pcd.c:711:14:HAL_PCD_SuspendCallback	16	static
stm32f1xx_hal_pcd.c:725:14:HAL_PCD_ResumeCallback	16	static
stm32f1xx_hal_pcd.c:740:14:HAL_PCD_ISOOUTIncompleteCallback	16	static
stm32f1xx_hal_pcd.c:756:14:HAL_PCD_ISOINIncompleteCallback	16	static
stm32f1xx_hal_pcd.c:771:14:HAL_PCD_ConnectCallback	16	static
stm32f1xx_hal_pcd.c:785:14:HAL_PCD_DisconnectCallback	16	static
stm32f1xx_hal_pcd.c:818:19:HAL_PCD_DevConnect	16	static
stm32f1xx_hal_pcd.c:832:19:HAL_PCD_DevDisconnect	16	static
stm32f1xx_hal_pcd.c:847:19:HAL_PCD_SetAddress	16	static
stm32f1xx_hal_pcd.c:863:19:HAL_PCD_EP_Open	24	static
stm32f1xx_hal_pcd.c:894:19:HAL_PCD_EP_Close	24	static
stm32f1xx_hal_pcd.c:925:19:HAL_PCD_EP_Receive	32	static
stm32f1xx_hal_pcd.c:956:10:HAL_PCD_EP_GetRxCount	16	static
stm32f1xx_hal_pcd.c:968:19:HAL_PCD_EP_Transmit	32	static
stm32f1xx_hal_pcd.c:999:19:HAL_PCD_EP_SetStall	24	static
stm32f1xx_hal_pcd.c:1033:19:HAL_PCD_EP_ClrStall	24	static
stm32f1xx_hal_pcd.c:1063:19:HAL_PCD_EP_Flush	16	static
stm32f1xx_hal_pcd.c:1086:19:HAL_PCD_ActivateRemoteWakeup	16	static
stm32f1xx_hal_pcd.c:1096:19:HAL_PCD_DeActivateRemoteWakeup	16	static
stm32f1xx_hal_pcd.c:1124:18:HAL_PCD_GetState	16	static
stm32f1xx_hal_pcd.c:1203:26:PCD_EP_ISR_Handler	48	static
