Archive member included to satisfy reference by file (symbol)

c:/program files (x86)/atollic/truestudio for stm32 9.0.1/armtools/bin/../lib/gcc/arm-atollic-eabi/6.3.1/../../../../arm-atollic-eabi/lib/armv7-m\libc_nano.a(lib_a-init.o)
                              startup\startup_stm32f103xb.o (__libc_init_array)
c:/program files (x86)/atollic/truestudio for stm32 9.0.1/armtools/bin/../lib/gcc/arm-atollic-eabi/6.3.1/../../../../arm-atollic-eabi/lib/armv7-m\libc_nano.a(lib_a-memset.o)
                              Devices\Src\touch.o (memset)
c:/program files (x86)/atollic/truestudio for stm32 9.0.1/armtools/bin/../lib/gcc/arm-atollic-eabi/6.3.1/../../../../arm-atollic-eabi/lib/armv7-m\libc_nano.a(lib_a-printf.o)
                              Middlewares\ST\STM32_USB_Device_Library\Class\HID\Src\usbd_hid.o (printf)
c:/program files (x86)/atollic/truestudio for stm32 9.0.1/armtools/bin/../lib/gcc/arm-atollic-eabi/6.3.1/../../../../arm-atollic-eabi/lib/armv7-m\libc_nano.a(lib_a-puts.o)
                              Middlewares\ST\STM32_USB_Device_Library\Class\HID\Src\usbd_hid.o (puts)
c:/program files (x86)/atollic/truestudio for stm32 9.0.1/armtools/bin/../lib/gcc/arm-atollic-eabi/6.3.1/../../../../arm-atollic-eabi/lib/armv7-m\libc_nano.a(lib_a-wbuf.o)
                              c:/program files (x86)/atollic/truestudio for stm32 9.0.1/armtools/bin/../lib/gcc/arm-atollic-eabi/6.3.1/../../../../arm-atollic-eabi/lib/armv7-m\libc_nano.a(lib_a-puts.o) (__swbuf_r)
c:/program files (x86)/atollic/truestudio for stm32 9.0.1/armtools/bin/../lib/gcc/arm-atollic-eabi/6.3.1/../../../../arm-atollic-eabi/lib/armv7-m\libc_nano.a(lib_a-wsetup.o)
                              c:/program files (x86)/atollic/truestudio for stm32 9.0.1/armtools/bin/../lib/gcc/arm-atollic-eabi/6.3.1/../../../../arm-atollic-eabi/lib/armv7-m\libc_nano.a(lib_a-puts.o) (__swsetup_r)
c:/program files (x86)/atollic/truestudio for stm32 9.0.1/armtools/bin/../lib/gcc/arm-atollic-eabi/6.3.1/../../../../arm-atollic-eabi/lib/armv7-m\libc_nano.a(lib_a-fflush.o)
                              c:/program files (x86)/atollic/truestudio for stm32 9.0.1/armtools/bin/../lib/gcc/arm-atollic-eabi/6.3.1/../../../../arm-atollic-eabi/lib/armv7-m\libc_nano.a(lib_a-wbuf.o) (_fflush_r)
c:/program files (x86)/atollic/truestudio for stm32 9.0.1/armtools/bin/../lib/gcc/arm-atollic-eabi/6.3.1/../../../../arm-atollic-eabi/lib/armv7-m\libc_nano.a(lib_a-findfp.o)
                              c:/program files (x86)/atollic/truestudio for stm32 9.0.1/armtools/bin/../lib/gcc/arm-atollic-eabi/6.3.1/../../../../arm-atollic-eabi/lib/armv7-m\libc_nano.a(lib_a-printf.o) (__sinit)
c:/program files (x86)/atollic/truestudio for stm32 9.0.1/armtools/bin/../lib/gcc/arm-atollic-eabi/6.3.1/../../../../arm-atollic-eabi/lib/armv7-m\libc_nano.a(lib_a-fwalk.o)
                              c:/program files (x86)/atollic/truestudio for stm32 9.0.1/armtools/bin/../lib/gcc/arm-atollic-eabi/6.3.1/../../../../arm-atollic-eabi/lib/armv7-m\libc_nano.a(lib_a-findfp.o) (_fwalk)
c:/program files (x86)/atollic/truestudio for stm32 9.0.1/armtools/bin/../lib/gcc/arm-atollic-eabi/6.3.1/../../../../arm-atollic-eabi/lib/armv7-m\libc_nano.a(lib_a-impure.o)
                              c:/program files (x86)/atollic/truestudio for stm32 9.0.1/armtools/bin/../lib/gcc/arm-atollic-eabi/6.3.1/../../../../arm-atollic-eabi/lib/armv7-m\libc_nano.a(lib_a-fflush.o) (_global_impure_ptr)
c:/program files (x86)/atollic/truestudio for stm32 9.0.1/armtools/bin/../lib/gcc/arm-atollic-eabi/6.3.1/../../../../arm-atollic-eabi/lib/armv7-m\libc_nano.a(lib_a-makebuf.o)
                              c:/program files (x86)/atollic/truestudio for stm32 9.0.1/armtools/bin/../lib/gcc/arm-atollic-eabi/6.3.1/../../../../arm-atollic-eabi/lib/armv7-m\libc_nano.a(lib_a-wsetup.o) (__smakebuf_r)
c:/program files (x86)/atollic/truestudio for stm32 9.0.1/armtools/bin/../lib/gcc/arm-atollic-eabi/6.3.1/../../../../arm-atollic-eabi/lib/armv7-m\libc_nano.a(lib_a-nano-freer.o)
                              c:/program files (x86)/atollic/truestudio for stm32 9.0.1/armtools/bin/../lib/gcc/arm-atollic-eabi/6.3.1/../../../../arm-atollic-eabi/lib/armv7-m\libc_nano.a(lib_a-wsetup.o) (_free_r)
c:/program files (x86)/atollic/truestudio for stm32 9.0.1/armtools/bin/../lib/gcc/arm-atollic-eabi/6.3.1/../../../../arm-atollic-eabi/lib/armv7-m\libc_nano.a(lib_a-nano-mallocr.o)
                              c:/program files (x86)/atollic/truestudio for stm32 9.0.1/armtools/bin/../lib/gcc/arm-atollic-eabi/6.3.1/../../../../arm-atollic-eabi/lib/armv7-m\libc_nano.a(lib_a-findfp.o) (_malloc_r)
c:/program files (x86)/atollic/truestudio for stm32 9.0.1/armtools/bin/../lib/gcc/arm-atollic-eabi/6.3.1/../../../../arm-atollic-eabi/lib/armv7-m\libc_nano.a(lib_a-nano-vfprintf.o)
[...]
Memory Configuration

Name             Origin             Length             Attributes
RAM              0x20000000         0x00005000         xrw
FLASH            0x08000000         0x00010000         xr
*default*        0x00000000         0xffffffff

Linker script and memory map

LOAD c:/program files (x86)/atollic/truestudio for stm32 9.0.1/armtools/bin/../lib/gcc/arm-atollic-eabi/6.3.1/armv7-m/crti.o
LOAD c:/program files (x86)/atollic/truestudio for stm32 9.0.1/armtools/bin/../lib/gcc/arm-atollic-eabi/6.3.1/armv7-m/crtbegin.o
LOAD Devices\Src\i2c.o
LOAD Devices\Src\touch.o
LOAD Drivers\STM32F1xx_HAL_Driver\Src\stm32f1xx_hal.o
LOAD Drivers\STM32F1xx_HAL_Driver\Src\stm32f1xx_hal_cortex.o
LOAD Drivers\STM32F1xx_HAL_Driver\Src\stm32f1xx_hal_dma.o
LOAD Drivers\STM32F1xx_HAL_Driver\Src\stm32f1xx_hal_flash.o
LOAD Drivers\STM32F1xx_HAL_Driver\Src\stm32f1xx_hal_flash_ex.o
LOAD Drivers\STM32F1xx_HAL_Driver\Src\stm32f1xx_hal_gpio.o
LOAD Drivers\STM32F1xx_HAL_Driver\Src\stm32f1xx_hal_gpio_ex.o
LOAD Drivers\STM32F1xx_HAL_Driver\Src\stm32f1xx_hal_pcd.o
LOAD Drivers\STM32F1xx_HAL_Driver\Src\stm32f1xx_hal_pcd_ex.o
LOAD Drivers\STM32F1xx_HAL_Driver\Src\stm32f1xx_hal_pwr.o
LOAD Drivers\STM32F1xx_HAL_Driver\Src\stm32f1xx_hal_rcc.o
LOAD Drivers\STM32F1xx_HAL_Driver\Src\stm32f1xx_hal_rcc_ex.o
LOAD Drivers\STM32F1xx_HAL_Driver\Src\stm32f1xx_hal_tim.o
LOAD Drivers\STM32F1xx_HAL_Driver\Src\stm32f1xx_hal_tim_ex.o
LOAD Drivers\STM32F1xx_HAL_Driver\Src\stm32f1xx_hal_uart.o
LOAD Drivers\STM32F1xx_HAL_Driver\Src\stm32f1xx_ll_usb.o
LOAD Middlewares\ST\STM32_USB_Device_Library\Class\HID\Src\usbd_hid.o
LOAD Middlewares\ST\STM32_USB_Device_Library\Core\Src\usbd_core.o
LOAD Middlewares\ST\STM32_USB_Device_Library\Core\Src\usbd_ctlreq.o
LOAD Middlewares\ST\STM32_USB_Device_Library\Core\Src\usbd_ioreq.o
LOAD Src\main.o
LOAD Src\stm32f1xx_hal_msp.o
LOAD Src\stm32f1xx_it.o
LOAD Src\system_stm32f1xx.o
LOAD Src\usb_device.o
LOAD Src\usbd_conf.o
LOAD Src\usbd_desc.o
LOAD startup\startup_stm32f103xb.o
                0x00000080                malloc_getpagesize_P = 0x80
START GROUP
LOAD c:/program files (x86)/atollic/truestudio for stm32 9.0.1/armtools/bin/../lib/gcc/arm-atollic-eabi/6.3.1/../../../../arm-atollic-eabi/lib/armv7-m\libc_nano.a
LOAD c:/program files (x86)/atollic/truestudio for stm32 9.0.1/armtools/bin/../lib/gcc/arm-atollic-eabi/6.3.1/../../../../arm-atollic-eabi/lib/armv7-m\libm.a
END GROUP
START GROUP
LOAD c:/program files (x86)/atollic/truestudio for stm32 9.0.1/armtools/bin/../lib/gcc/arm-atollic-eabi/6.3.1/armv7-m\libgcc.a
LOAD c:/program files (x86)/atollic/truestudio for stm32 9.0.1/armtools/bin/../lib/gcc/arm-atollic-eabi/6.3.1/../../../../arm-atollic-eabi/lib/armv7-m\libc_nano.a
END GROUP
START GROUP
LOAD c:/program files (x86)/atollic/truestudio for stm32 9.0.1/armtools/bin/../lib/gcc/arm-atollic-eabi/6.3.1/armv7-m\libgcc.a
LOAD c:/program files (x86)/atollic/truestudio for stm32 9.0.1/armtools/bin/../lib/gcc/arm-atollic-eabi/6.3.1/../../../../arm-atollic-eabi/lib/armv7-m\libc_nano.a
LOAD c:/program files (x86)/atollic/truestudio for stm32 9.0.1/armtools/bin/../lib/gcc/arm-atollic-eabi/6.3.1/../../../../arm-atollic-eabi/lib/armv7-m\libnosys.a
END GROUP
START GROUP
LOAD c:/program files (x86)/atollic/truestudio for stm32 9.0.1/armtools/bin/../lib/gcc/arm-atollic-eabi/6.3.1/armv7-m\libgcc.a
LOAD c:/program files (x86)/atollic/truestudio for stm32 9.0.1/armtools/bin/../lib/gcc/arm-atollic-eabi/6.3.1/../../../../arm-atollic-eabi/lib/armv7-m\libc_nano.a
LOAD c:/program files (x86)/atollic/truestudio for stm32 9.0.1/armtools/bin/../lib/gcc/arm-atollic-eabi/6.3.1/../../../../arm-atollic-eabi/lib/armv7-m\libnosys.a
END GROUP
LOAD c:/program files (x86)/atollic/truestudio for stm32 9.0.1/armtools/bin/../lib/gcc/arm-atollic-eabi/6.3.1/armv7-m/crtend.o
LOAD c:/program files (x86)/atollic/truestudio for stm32 9.0.1/armtools/bin/../lib/gcc/arm-atollic-eabi/6.3.1/armv7-m/crtn.o
                0x20005000                _estack = 0x20005000
                0x00000200                _Min_Heap_Size = 0x200
                0x00000400                _Min_Stack_Size = 0x400

.isr_vector     0x08000000      0x10c
                0x08000000                . = ALIGN (0x4)
 *(.isr_vector)
 .isr_vector    0x08000000      0x10c startup\startup_stm32f103xb.o
                0x08000000                g_pfnVectors
                0x0800010c                . = ALIGN (0x4)

.text           0x0800010c     0x71b4
                0x0800010c                . = ALIGN (0x4)
 *(.text)
 .text          0x0800010c       0x40 c:/program files (x86)/atollic/truestudio for stm32 9.0.1/armtools/bin/../lib/gcc/arm-atollic-eabi/6.3.1/armv7-m/crtbegin.o
 *(.text*)
 .text.delay1us
                0x0800014c       0x3c Devices\Src\i2c.o
                0x0800014c                delay1us
 .text.initI2C  0x08000188       0x58 Devices\Src\i2c.o
                0x08000188                initI2C
 .text.i2c_start
                0x080001e0       0x34 Devices\Src\i2c.o
                0x080001e0                i2c_start
 .text.i2c_stop
                0x08000214       0x40 Devices\Src\i2c.o
                0x08000214                i2c_stop
 .text.i2c_write
                0x08000254       0xe0 Devices\Src\i2c.o
                0x08000254                i2c_write
 .text.i2c_read
                0x08000334       0xa8 Devices\Src\i2c.o
                0x08000334                i2c_read
 .text.readI2C  0x080003dc       0xd6 Devices\Src\i2c.o
                0x080003dc                readI2C
 *fill*         0x080004b2        0x2 
 .text.tpd_down
                0x080004b4       0x80 Devices\Src\touch.o
                0x080004b4                tpd_down
 .text.tpd_up   0x08000534       0x9c Devices\Src\touch.o
                0x08000534                tpd_up
 .text.input_sync
                0x080005d0       0x68 Devices\Src\touch.o
                0x080005d0                input_sync
 .text.getTouchPtr
                0x08000638       0x14 Devices\Src\touch.o
                0x08000638                getTouchPtr
 .text.getTouchQualityKeyPtr
                0x0800064c       0x14 Devices\Src\touch.o
                0x0800064c                getTouchQualityKeyPtr
 .text.HAL_GPIO_EXTI_Callback
                0x08000660       0x28 Devices\Src\touch.o
                0x08000660                HAL_GPIO_EXTI_Callback
 .text.initTouch
                0x08000688       0x88 Devices\Src\touch.o
                0x08000688                initTouch
 .text.toucuProc
                0x08000710      0x300 Devices\Src\touch.o
                0x08000710                toucuProc
 .text.HAL_Init
                0x08000a10       0x2c Drivers\STM32F1xx_HAL_Driver\Src\stm32f1xx_hal.o
                0x08000a10                HAL_Init
 .text.HAL_InitTick
                0x08000a3c       0x60 Drivers\STM32F1xx_HAL_Driver\Src\stm32f1xx_hal.o
                0x08000a3c                HAL_InitTick
 .text.HAL_IncTick
                0x08000a9c       0x24 Drivers\STM32F1xx_HAL_Driver\Src\stm32f1xx_hal.o
                0x08000a9c                HAL_IncTick
 .text.HAL_GetTick
                0x08000ac0       0x14 Drivers\STM32F1xx_HAL_Driver\Src\stm32f1xx_hal.o
                0x08000ac0                HAL_GetTick
 .text.HAL_Delay
                0x08000ad4       0x44 Drivers\STM32F1xx_HAL_Driver\Src\stm32f1xx_hal.o
                0x08000ad4                HAL_Delay
 .text.NVIC_SetPriorityGrouping
                0x08000b18       0x48 Drivers\STM32F1xx_HAL_Driver\Src\stm32f1xx_hal_cortex.o
 .text.NVIC_GetPriorityGrouping
                0x08000b60       0x1c Drivers\STM32F1xx_HAL_Driver\Src\stm32f1xx_hal_cortex.o
 .text.NVIC_EnableIRQ
                0x08000b7c       0x30 Drivers\STM32F1xx_HAL_Driver\Src\stm32f1xx_hal_cortex.o
 .text.NVIC_SetPriority
                0x08000bac       0x54 Drivers\STM32F1xx_HAL_Driver\Src\stm32f1xx_hal_cortex.o
 .text.NVIC_EncodePriority
                0x08000c00       0x60 Drivers\STM32F1xx_HAL_Driver\Src\stm32f1xx_hal_cortex.o
 .text.SysTick_Config
                0x08000c60       0x44 Drivers\STM32F1xx_HAL_Driver\Src\stm32f1xx_hal_cortex.o
 .text.HAL_NVIC_SetPriorityGrouping
                0x08000ca4       0x16 Drivers\STM32F1xx_HAL_Driver\Src\stm32f1xx_hal_cortex.o
                0x08000ca4                HAL_NVIC_SetPriorityGrouping
 .text.HAL_NVIC_SetPriority
                0x08000cba       0x38 Drivers\STM32F1xx_HAL_Driver\Src\stm32f1xx_hal_cortex.o
                0x08000cba                HAL_NVIC_SetPriority
 .text.HAL_NVIC_EnableIRQ
                0x08000cf2       0x1c Drivers\STM32F1xx_HAL_Driver\Src\stm32f1xx_hal_cortex.o
                0x08000cf2                HAL_NVIC_EnableIRQ
 .text.HAL_SYSTICK_Config
                0x08000d0e       0x18 Drivers\STM32F1xx_HAL_Driver\Src\stm32f1xx_hal_cortex.o
                0x08000d0e                HAL_SYSTICK_Config
 *fill*         0x08000d26        0x2 
 .text.HAL_SYSTICK_CLKSourceConfig
                0x08000d28       0x38 Drivers\STM32F1xx_HAL_Driver\Src\stm32f1xx_hal_cortex.o
                0x08000d28                HAL_SYSTICK_CLKSourceConfig
 .text.HAL_SYSTICK_IRQHandler
                0x08000d60        0xc Drivers\STM32F1xx_HAL_Driver\Src\stm32f1xx_hal_cortex.o
                0x08000d60                HAL_SYSTICK_IRQHandler
 .text.HAL_SYSTICK_Callback
                0x08000d6c        0xc Drivers\STM32F1xx_HAL_Driver\Src\stm32f1xx_hal_cortex.o
                0x08000d6c                HAL_SYSTICK_Callback
 .text.HAL_DMA_Abort_IT
                0x08000d78       0xf8 Drivers\STM32F1xx_HAL_Driver\Src\stm32f1xx_hal_dma.o
                0x08000d78                HAL_DMA_Abort_IT
 .text.HAL_GPIO_Init
                0x08000e70      0x2bc Drivers\STM32F1xx_HAL_Driver\Src\stm32f1xx_hal_gpio.o
                0x08000e70                HAL_GPIO_Init
 .text.HAL_GPIO_ReadPin
                0x0800112c       0x2e Drivers\STM32F1xx_HAL_Driver\Src\stm32f1xx_hal_gpio.o
                0x0800112c                HAL_GPIO_ReadPin
 .text.HAL_GPIO_WritePin
                0x0800115a       0x30 Drivers\STM32F1xx_HAL_Driver\Src\stm32f1xx_hal_gpio.o
                0x0800115a                HAL_GPIO_WritePin
 *fill*         0x0800118a        0x2 
 .text.HAL_GPIO_EXTI_IRQHandler
                0x0800118c       0x30 Drivers\STM32F1xx_HAL_Driver\Src\stm32f1xx_hal_gpio.o
                0x0800118c                HAL_GPIO_EXTI_IRQHandler
 .text.HAL_PCD_Init
                0x080011bc      0x1b4 Drivers\STM32F1xx_HAL_Driver\Src\stm32f1xx_hal_pcd.o
                0x080011bc                HAL_PCD_Init
 .text.HAL_PCD_Start
                0x08001370       0x4c Drivers\STM32F1xx_HAL_Driver\Src\stm32f1xx_hal_pcd.o
                0x08001370                HAL_PCD_Start
 .text.HAL_PCD_IRQHandler
                0x080013bc      0x204 Drivers\STM32F1xx_HAL_Driver\Src\stm32f1xx_hal_pcd.o
                0x080013bc                HAL_PCD_IRQHandler
 .text.HAL_PCD_SetAddress
                0x080015c0       0x4a Drivers\STM32F1xx_HAL_Driver\Src\stm32f1xx_hal_pcd.o
                0x080015c0                HAL_PCD_SetAddress
 .text.HAL_PCD_EP_Open
                0x0800160a       0xaa Drivers\STM32F1xx_HAL_Driver\Src\stm32f1xx_hal_pcd.o
                0x0800160a                HAL_PCD_EP_Open
 .text.HAL_PCD_EP_Close
                0x080016b4       0x8c Drivers\STM32F1xx_HAL_Driver\Src\stm32f1xx_hal_pcd.o
                0x080016b4                HAL_PCD_EP_Close
 .text.HAL_PCD_EP_Receive
                0x08001740       0x78 Drivers\STM32F1xx_HAL_Driver\Src\stm32f1xx_hal_pcd.o
                0x08001740                HAL_PCD_EP_Receive
 .text.HAL_PCD_EP_Transmit
                0x080017b8       0x76 Drivers\STM32F1xx_HAL_Driver\Src\stm32f1xx_hal_pcd.o
                0x080017b8                HAL_PCD_EP_Transmit
 .text.HAL_PCD_EP_SetStall
                0x0800182e       0xaa Drivers\STM32F1xx_HAL_Driver\Src\stm32f1xx_hal_pcd.o
                0x0800182e                HAL_PCD_EP_SetStall
 .text.HAL_PCD_EP_ClrStall
                0x080018d8       0x8e Drivers\STM32F1xx_HAL_Driver\Src\stm32f1xx_hal_pcd.o
                0x080018d8                HAL_PCD_EP_ClrStall
 *fill*         0x08001966        0x2 
 .text.PCD_EP_ISR_Handler
                0x08001968      0x654 Drivers\STM32F1xx_HAL_Driver\Src\stm32f1xx_hal_pcd.o
 .text.HAL_PCDEx_PMAConfig
                0x08001fbc       0x7a Drivers\STM32F1xx_HAL_Driver\Src\stm32f1xx_hal_pcd_ex.o
                0x08001fbc                HAL_PCDEx_PMAConfig
 *fill*         0x08002036        0x2 
 .text.HAL_RCC_OscConfig
                0x08002038      0x4c8 Drivers\STM32F1xx_HAL_Driver\Src\stm32f1xx_hal_rcc.o
                0x08002038                HAL_RCC_OscConfig
 .text.HAL_RCC_ClockConfig
                0x08002500      0x1e8 Drivers\STM32F1xx_HAL_Driver\Src\stm32f1xx_hal_rcc.o
                0x08002500                HAL_RCC_ClockConfig
 .text.HAL_RCC_GetSysClockFreq
                0x080026e8       0xc4 Drivers\STM32F1xx_HAL_Driver\Src\stm32f1xx_hal_rcc.o
                0x080026e8                HAL_RCC_GetSysClockFreq
 .text.HAL_RCC_GetHCLKFreq
                0x080027ac       0x14 Drivers\STM32F1xx_HAL_Driver\Src\stm32f1xx_hal_rcc.o
                0x080027ac                HAL_RCC_GetHCLKFreq
 .text.HAL_RCC_GetPCLK1Freq
                0x080027c0       0x28 Drivers\STM32F1xx_HAL_Driver\Src\stm32f1xx_hal_rcc.o
                0x080027c0                HAL_RCC_GetPCLK1Freq
 .text.HAL_RCC_GetPCLK2Freq
                0x080027e8       0x28 Drivers\STM32F1xx_HAL_Driver\Src\stm32f1xx_hal_rcc.o
                0x080027e8                HAL_RCC_GetPCLK2Freq
 .text.RCC_Delay
                0x08002810       0x3c Drivers\STM32F1xx_HAL_Driver\Src\stm32f1xx_hal_rcc.o
 .text.HAL_RCCEx_PeriphCLKConfig
                0x0800284c      0x16c Drivers\STM32F1xx_HAL_Driver\Src\stm32f1xx_hal_rcc_ex.o
                0x0800284c                HAL_RCCEx_PeriphCLKConfig
 .text.HAL_UART_Init
                0x080029b8       0x9a Drivers\STM32F1xx_HAL_Driver\Src\stm32f1xx_hal_uart.o
                0x080029b8                HAL_UART_Init
 .text.HAL_UART_Transmit
                0x08002a52      0x130 Drivers\STM32F1xx_HAL_Driver\Src\stm32f1xx_hal_uart.o
                0x08002a52                HAL_UART_Transmit
 .text.HAL_UART_Receive_IT
                0x08002b82       0xa8 Drivers\STM32F1xx_HAL_Driver\Src\stm32f1xx_hal_uart.o
                0x08002b82                HAL_UART_Receive_IT
 *fill*         0x08002c2a        0x2 
 .text.HAL_UART_IRQHandler
                0x08002c2c      0x1f8 Drivers\STM32F1xx_HAL_Driver\Src\stm32f1xx_hal_uart.o
                0x08002c2c                HAL_UART_IRQHandler
 .text.HAL_UART_TxCpltCallback
                0x08002e24       0x12 Drivers\STM32F1xx_HAL_Driver\Src\stm32f1xx_hal_uart.o
                0x08002e24                HAL_UART_TxCpltCallback
 .text.HAL_UART_ErrorCallback
                0x08002e36       0x12 Drivers\STM32F1xx_HAL_Driver\Src\stm32f1xx_hal_uart.o
                0x08002e36                HAL_UART_ErrorCallback
 .text.UART_WaitOnFlagUntilTimeout
                0x08002e48       0x94 Drivers\STM32F1xx_HAL_Driver\Src\stm32f1xx_hal_uart.o
 .text.UART_EndRxTransfer
                0x08002edc       0x3a Drivers\STM32F1xx_HAL_Driver\Src\stm32f1xx_hal_uart.o
 .text.UART_DMAAbortOnError
                0x08002f16       0x28 Drivers\STM32F1xx_HAL_Driver\Src\stm32f1xx_hal_uart.o
 .text.UART_Transmit_IT
                0x08002f3e       0xa8 Drivers\STM32F1xx_HAL_Driver\Src\stm32f1xx_hal_uart.o
 .text.UART_EndTransmit_IT
                0x08002fe6       0x30 Drivers\STM32F1xx_HAL_Driver\Src\stm32f1xx_hal_uart.o
 .text.UART_Receive_IT
                0x08003016      0x102 Drivers\STM32F1xx_HAL_Driver\Src\stm32f1xx_hal_uart.o
 .text.UART_SetConfig
                0x08003118      0x230 Drivers\STM32F1xx_HAL_Driver\Src\stm32f1xx_hal_uart.o
 .text.USB_CoreInit
                0x08003348       0x20 Drivers\STM32F1xx_HAL_Driver\Src\stm32f1xx_ll_usb.o
                0x08003348                USB_CoreInit
 .text.USB_EnableGlobalInt
                0x08003368       0x34 Drivers\STM32F1xx_HAL_Driver\Src\stm32f1xx_ll_usb.o
                0x08003368                USB_EnableGlobalInt
 .text.USB_DisableGlobalInt
                0x0800339c       0x38 Drivers\STM32F1xx_HAL_Driver\Src\stm32f1xx_ll_usb.o
                0x0800339c                USB_DisableGlobalInt
 .text.USB_SetCurrentMode
                0x080033d4       0x18 Drivers\STM32F1xx_HAL_Driver\Src\stm32f1xx_ll_usb.o
                0x080033d4                USB_SetCurrentMode
 .text.USB_DevInit
                0x080033ec       0x48 Drivers\STM32F1xx_HAL_Driver\Src\stm32f1xx_ll_usb.o
                0x080033ec                USB_DevInit
 .text.USB_ActivateEndpoint
                0x08003434      0x584 Drivers\STM32F1xx_HAL_Driver\Src\stm32f1xx_ll_usb.o
                0x08003434                USB_ActivateEndpoint
 .text.USB_DeactivateEndpoint
                0x080039b8      0x310 Drivers\STM32F1xx_HAL_Driver\Src\stm32f1xx_ll_usb.o
                0x080039b8                USB_DeactivateEndpoint
 .text.USB_EPStartXfer
                0x08003cc8      0x504 Drivers\STM32F1xx_HAL_Driver\Src\stm32f1xx_ll_usb.o
                0x08003cc8                USB_EPStartXfer
 .text.USB_EPSetStall
                0x080041cc       0xc0 Drivers\STM32F1xx_HAL_Driver\Src\stm32f1xx_ll_usb.o
                0x080041cc                USB_EPSetStall
 .text.USB_EPClearStall
                0x0800428c      0x114 Drivers\STM32F1xx_HAL_Driver\Src\stm32f1xx_ll_usb.o
                0x0800428c                USB_EPClearStall
 .text.USB_SetDevAddress
                0x080043a0       0x26 Drivers\STM32F1xx_HAL_Driver\Src\stm32f1xx_ll_usb.o
                0x080043a0                USB_SetDevAddress
 .text.USB_DevConnect
                0x080043c6       0x14 Drivers\STM32F1xx_HAL_Driver\Src\stm32f1xx_ll_usb.o
                0x080043c6                USB_DevConnect
 .text.USB_DevDisconnect
                0x080043da       0x14 Drivers\STM32F1xx_HAL_Driver\Src\stm32f1xx_ll_usb.o
                0x080043da                USB_DevDisconnect
 .text.USB_ReadInterrupts
                0x080043ee       0x22 Drivers\STM32F1xx_HAL_Driver\Src\stm32f1xx_ll_usb.o
                0x080043ee                USB_ReadInterrupts
 .text.USB_EP0_OutStart
                0x08004410       0x16 Drivers\STM32F1xx_HAL_Driver\Src\stm32f1xx_ll_usb.o
                0x08004410                USB_EP0_OutStart
 .text.USB_WritePMA
                0x08004426       0x8c Drivers\STM32F1xx_HAL_Driver\Src\stm32f1xx_ll_usb.o
                0x08004426                USB_WritePMA
 .text.USB_ReadPMA
                0x080044b2       0x6a Drivers\STM32F1xx_HAL_Driver\Src\stm32f1xx_ll_usb.o
                0x080044b2                USB_ReadPMA
 .text.USBD_HID_Init
                0x0800451c       0x4e Middlewares\ST\STM32_USB_Device_Library\Class\HID\Src\usbd_hid.o
 .text.USBD_HID_DeInit
                0x0800456a       0x3c Middlewares\ST\STM32_USB_Device_Library\Class\HID\Src\usbd_hid.o
 *fill*         0x080045a6        0x2 
 .text.USBD_HID_Setup
                0x080045a8      0x1d4 Middlewares\ST\STM32_USB_Device_Library\Class\HID\Src\usbd_hid.o
 .text.USBD_HID_SendReport
                0x0800477c       0x44 Middlewares\ST\STM32_USB_Device_Library\Class\HID\Src\usbd_hid.o
                0x0800477c                USBD_HID_SendReport
 .text.USBD_HID_GetCfgDesc
                0x080047c0       0x20 Middlewares\ST\STM32_USB_Device_Library\Class\HID\Src\usbd_hid.o
 .text.USBD_HID_DataIn
                0x080047e0       0x22 Middlewares\ST\STM32_USB_Device_Library\Class\HID\Src\usbd_hid.o
 *fill*         0x08004802        0x2 
 .text.USBD_HID_GetDeviceQualifierDesc
                0x08004804       0x20 Middlewares\ST\STM32_USB_Device_Library\Class\HID\Src\usbd_hid.o
 .text.USBD_Init
                0x08004824       0x56 Middlewares\ST\STM32_USB_Device_Library\Core\Src\usbd_core.o
                0x08004824                USBD_Init
 .text.USBD_RegisterClass
                0x0800487a       0x32 Middlewares\ST\STM32_USB_Device_Library\Core\Src\usbd_core.o
                0x0800487a                USBD_RegisterClass
 .text.USBD_Start
                0x080048ac       0x18 Middlewares\ST\STM32_USB_Device_Library\Core\Src\usbd_core.o
                0x080048ac                USBD_Start
 .text.USBD_RunTestMode
                0x080048c4       0x14 Middlewares\ST\STM32_USB_Device_Library\Core\Src\usbd_core.o
                0x080048c4                USBD_RunTestMode
 .text.USBD_SetClassConfig
                0x080048d8       0x3e Middlewares\ST\STM32_USB_Device_Library\Core\Src\usbd_core.o
                0x080048d8                USBD_SetClassConfig
 .text.USBD_ClrClassConfig
                0x08004916       0x26 Middlewares\ST\STM32_USB_Device_Library\Core\Src\usbd_core.o
                0x08004916                USBD_ClrClassConfig
 .text.USBD_LL_SetupStage
                0x0800493c       0x94 Middlewares\ST\STM32_USB_Device_Library\Core\Src\usbd_core.o
                0x0800493c                USBD_LL_SetupStage
 .text.USBD_LL_DataOutStage
                0x080049d0       0xb6 Middlewares\ST\STM32_USB_Device_Library\Core\Src\usbd_core.o
                0x080049d0                USBD_LL_DataOutStage
 .text.USBD_LL_DataInStage
                0x08004a86      0x11e Middlewares\ST\STM32_USB_Device_Library\Core\Src\usbd_core.o
                0x08004a86                USBD_LL_DataInStage
 .text.USBD_LL_Reset
                0x08004ba4       0x5e Middlewares\ST\STM32_USB_Device_Library\Core\Src\usbd_core.o
                0x08004ba4                USBD_LL_Reset
 .text.USBD_LL_SetSpeed
                0x08004c02       0x1e Middlewares\ST\STM32_USB_Device_Library\Core\Src\usbd_core.o
                0x08004c02                USBD_LL_SetSpeed
 .text.USBD_LL_Suspend
                0x08004c20       0x28 Middlewares\ST\STM32_USB_Device_Library\Core\Src\usbd_core.o
                0x08004c20                USBD_LL_Suspend
 .text.USBD_LL_Resume
                0x08004c48       0x20 Middlewares\ST\STM32_USB_Device_Library\Core\Src\usbd_core.o
                0x08004c48                USBD_LL_Resume
 .text.USBD_LL_SOF
                0x08004c68       0x34 Middlewares\ST\STM32_USB_Device_Library\Core\Src\usbd_core.o
                0x08004c68                USBD_LL_SOF
 .text.USBD_StdDevReq
                0x08004c9c       0xa0 Middlewares\ST\STM32_USB_Device_Library\Core\Src\usbd_ctlreq.o
                0x08004c9c                USBD_StdDevReq
 .text.USBD_StdItfReq
                0x08004d3c       0x66 Middlewares\ST\STM32_USB_Device_Library\Core\Src\usbd_ctlreq.o
                0x08004d3c                USBD_StdItfReq
 .text.USBD_StdEPReq
                0x08004da2      0x1b0 Middlewares\ST\STM32_USB_Device_Library\Core\Src\usbd_ctlreq.o
                0x08004da2                USBD_StdEPReq
 *fill*         0x08004f52        0x2 
 .text.USBD_GetDescriptor
                0x08004f54      0x1e8 Middlewares\ST\STM32_USB_Device_Library\Core\Src\usbd_ctlreq.o
 .text.USBD_SetAddress
                0x0800513c       0x7c Middlewares\ST\STM32_USB_Device_Library\Core\Src\usbd_ctlreq.o
 .text.USBD_SetConfig
                0x080051b8      0x110 Middlewares\ST\STM32_USB_Device_Library\Core\Src\usbd_ctlreq.o
 .text.USBD_GetConfig
                0x080052c8       0x64 Middlewares\ST\STM32_USB_Device_Library\Core\Src\usbd_ctlreq.o
 .text.USBD_GetStatus
                0x0800532c       0x54 Middlewares\ST\STM32_USB_Device_Library\Core\Src\usbd_ctlreq.o
 .text.USBD_SetFeature
                0x08005380       0x36 Middlewares\ST\STM32_USB_Device_Library\Core\Src\usbd_ctlreq.o
 .text.USBD_ClrFeature
                0x080053b6       0x50 Middlewares\ST\STM32_USB_Device_Library\Core\Src\usbd_ctlreq.o
 .text.USBD_ParseSetupRequest
                0x08005406       0x78 Middlewares\ST\STM32_USB_Device_Library\Core\Src\usbd_ctlreq.o
                0x08005406                USBD_ParseSetupRequest
 .text.USBD_CtlError
                0x0800547e       0x22 Middlewares\ST\STM32_USB_Device_Library\Core\Src\usbd_ctlreq.o
                0x0800547e                USBD_CtlError
 .text.USBD_GetString
                0x080054a0       0x86 Middlewares\ST\STM32_USB_Device_Library\Core\Src\usbd_ctlreq.o
                0x080054a0                USBD_GetString
 .text.USBD_GetLen
                0x08005526       0x2e Middlewares\ST\STM32_USB_Device_Library\Core\Src\usbd_ctlreq.o
 .text.USBD_CtlSendData
                0x08005554       0x38 Middlewares\ST\STM32_USB_Device_Library\Core\Src\usbd_ioreq.o
                0x08005554                USBD_CtlSendData
 .text.USBD_CtlContinueSendData
                0x0800558c       0x24 Middlewares\ST\STM32_USB_Device_Library\Core\Src\usbd_ioreq.o
                0x0800558c                USBD_CtlContinueSendData
 .text.USBD_CtlContinueRx
                0x080055b0       0x24 Middlewares\ST\STM32_USB_Device_Library\Core\Src\usbd_ioreq.o
                0x080055b0                USBD_CtlContinueRx
 .text.USBD_CtlSendStatus
                0x080055d4       0x26 Middlewares\ST\STM32_USB_Device_Library\Core\Src\usbd_ioreq.o
                0x080055d4                USBD_CtlSendStatus
 .text.USBD_CtlReceiveStatus
                0x080055fa       0x26 Middlewares\ST\STM32_USB_Device_Library\Core\Src\usbd_ioreq.o
                0x080055fa                USBD_CtlReceiveStatus
 .text._write   0x08005620       0x40 Src\main.o
                0x08005620                _write
 .text.main     0x08005660       0x38 Src\main.o
                0x08005660                main
 .text.SystemClock_Config
                0x08005698       0xc8 Src\main.o
                0x08005698                SystemClock_Config
 .text.MX_USART3_UART_Init
                0x08005760       0x5c Src\main.o
 .text.MX_GPIO_Init
                0x080057bc       0xcc Src\main.o
 .text.HAL_UART_RxCpltCallback
                0x08005888       0x64 Src\main.o
                0x08005888                HAL_UART_RxCpltCallback
 .text._Error_Handler
                0x080058ec        0xc Src\main.o
                0x080058ec                _Error_Handler
 .text.HAL_MspInit
                0x080058f8       0xa4 Src\stm32f1xx_hal_msp.o
                0x080058f8                HAL_MspInit
 .text.HAL_UART_MspInit
                0x0800599c       0x84 Src\stm32f1xx_hal_msp.o
                0x0800599c                HAL_UART_MspInit
 .text.NMI_Handler
                0x08005a20        0xc Src\stm32f1xx_it.o
                0x08005a20                NMI_Handler
 .text.HardFault_Handler
                0x08005a2c        0x6 Src\stm32f1xx_it.o
                0x08005a2c                HardFault_Handler
 .text.MemManage_Handler
                0x08005a32        0x6 Src\stm32f1xx_it.o
                0x08005a32                MemManage_Handler
 .text.BusFault_Handler
                0x08005a38        0x6 Src\stm32f1xx_it.o
                0x08005a38                BusFault_Handler
 .text.UsageFault_Handler
                0x08005a3e        0x6 Src\stm32f1xx_it.o
                0x08005a3e                UsageFault_Handler
 .text.SVC_Handler
                0x08005a44        0xc Src\stm32f1xx_it.o
                0x08005a44                SVC_Handler
 .text.DebugMon_Handler
                0x08005a50        0xc Src\stm32f1xx_it.o
                0x08005a50                DebugMon_Handler
 .text.PendSV_Handler
                0x08005a5c        0xc Src\stm32f1xx_it.o
                0x08005a5c                PendSV_Handler
 .text.SysTick_Handler
                0x08005a68       0x10 Src\stm32f1xx_it.o
                0x08005a68                SysTick_Handler
 .text.USB_LP_CAN1_RX0_IRQHandler
                0x08005a78       0x14 Src\stm32f1xx_it.o
                0x08005a78                USB_LP_CAN1_RX0_IRQHandler
 .text.EXTI9_5_IRQHandler
                0x08005a8c       0x10 Src\stm32f1xx_it.o
                0x08005a8c                EXTI9_5_IRQHandler
 .text.USART3_IRQHandler
                0x08005a9c       0x14 Src\stm32f1xx_it.o
                0x08005a9c                USART3_IRQHandler
 .text.SystemInit
                0x08005ab0       0x68 Src\system_stm32f1xx.o
                0x08005ab0                SystemInit
 .text.MX_USB_DEVICE_Init
                0x08005b18       0x2c Src\usb_device.o
                0x08005b18                MX_USB_DEVICE_Init
 .text.HAL_PCD_MspInit
                0x08005b44       0x4c Src\usbd_conf.o
                0x08005b44                HAL_PCD_MspInit
 .text.HAL_PCD_SetupStageCallback
                0x08005b90       0x24 Src\usbd_conf.o
                0x08005b90                HAL_PCD_SetupStageCallback
 .text.HAL_PCD_DataOutStageCallback
                0x08005bb4       0x30 Src\usbd_conf.o
                0x08005bb4                HAL_PCD_DataOutStageCallback
 .text.HAL_PCD_DataInStageCallback
                0x08005be4       0x2e Src\usbd_conf.o
                0x08005be4                HAL_PCD_DataInStageCallback
 .text.HAL_PCD_SOFCallback
                0x08005c12       0x1c Src\usbd_conf.o
                0x08005c12                HAL_PCD_SOFCallback
 .text.HAL_PCD_ResetCallback
                0x08005c2e       0x44 Src\usbd_conf.o
                0x08005c2e                HAL_PCD_ResetCallback
 *fill*         0x08005c72        0x2 
 .text.HAL_PCD_SuspendCallback
                0x08005c74       0x34 Src\usbd_conf.o
                0x08005c74                HAL_PCD_SuspendCallback
 .text.HAL_PCD_ResumeCallback
                0x08005ca8       0x1c Src\usbd_conf.o
                0x08005ca8                HAL_PCD_ResumeCallback
 .text.USBD_LL_Init
                0x08005cc4       0xa0 Src\usbd_conf.o
                0x08005cc4                USBD_LL_Init
 .text.USBD_LL_Start
                0x08005d64       0x64 Src\usbd_conf.o
                0x08005d64                USBD_LL_Start
 .text.USBD_LL_OpenEP
                0x08005dc8       0x7c Src\usbd_conf.o
                0x08005dc8                USBD_LL_OpenEP
 .text.USBD_LL_CloseEP
                0x08005e44       0x6c Src\usbd_conf.o
                0x08005e44                USBD_LL_CloseEP
 .text.USBD_LL_StallEP
                0x08005eb0       0x6c Src\usbd_conf.o
                0x08005eb0                USBD_LL_StallEP
 .text.USBD_LL_ClearStallEP
                0x08005f1c       0x6c Src\usbd_conf.o
                0x08005f1c                USBD_LL_ClearStallEP
 .text.USBD_LL_IsStallEP
                0x08005f88       0x4a Src\usbd_conf.o
                0x08005f88                USBD_LL_IsStallEP
 *fill*         0x08005fd2        0x2 
 .text.USBD_LL_SetUSBAddress
                0x08005fd4       0x6c Src\usbd_conf.o
                0x08005fd4                USBD_LL_SetUSBAddress
 .text.USBD_LL_Transmit
                0x08006040       0x74 Src\usbd_conf.o
                0x08006040                USBD_LL_Transmit
 .text.USBD_LL_PrepareReceive
                0x080060b4       0x74 Src\usbd_conf.o
                0x080060b4                USBD_LL_PrepareReceive
 .text.USBD_static_malloc
                0x08006128       0x18 Src\usbd_conf.o
                0x08006128                USBD_static_malloc
 .text.USBD_static_free
                0x08006140       0x12 Src\usbd_conf.o
                0x08006140                USBD_static_free
 .text.HAL_PCDEx_SetConnectionState
                0x08006152       0x16 Src\usbd_conf.o
                0x08006152                HAL_PCDEx_SetConnectionState
 .text.USBD_FS_DeviceDescriptor
                0x08006168       0x24 Src\usbd_desc.o
                0x08006168                USBD_FS_DeviceDescriptor
 .text.USBD_FS_LangIDStrDescriptor
                0x0800618c       0x24 Src\usbd_desc.o
                0x0800618c                USBD_FS_LangIDStrDescriptor
 .text.USBD_FS_ProductStrDescriptor
                0x080061b0       0x3c Src\usbd_desc.o
                0x080061b0                USBD_FS_ProductStrDescriptor
 .text.USBD_FS_ManufacturerStrDescriptor
                0x080061ec       0x28 Src\usbd_desc.o
                0x080061ec                USBD_FS_ManufacturerStrDescriptor
 .text.USBD_FS_SerialStrDescriptor
                0x08006214       0x3c Src\usbd_desc.o
                0x08006214                USBD_FS_SerialStrDescriptor
 .text.USBD_FS_ConfigStrDescriptor
                0x08006250       0x3c Src\usbd_desc.o
                0x08006250                USBD_FS_ConfigStrDescriptor
 .text.USBD_FS_InterfaceStrDescriptor
                0x0800628c       0x3c Src\usbd_desc.o
                0x0800628c                USBD_FS_InterfaceStrDescriptor
 .text.Reset_Handler
                0x080062c8       0x48 startup\startup_stm32f103xb.o
                0x080062c8                Reset_Handler
 .text.Default_Handler
                0x08006310        0x2 startup\startup_stm32f103xb.o
                0x08006310                RTC_Alarm_IRQHandler
                0x08006310                EXTI2_IRQHandler
                0x08006310                TIM1_CC_IRQHandler
                0x08006310                PVD_IRQHandler
                0x08006310                EXTI3_IRQHandler
                0x08006310                EXTI0_IRQHandler
                0x08006310                I2C2_EV_IRQHandler
                0x08006310                ADC1_2_IRQHandler
                0x08006310                SPI1_IRQHandler
                0x08006310                TAMPER_IRQHandler
                0x08006310                DMA1_Channel4_IRQHandler
                0x08006310                RTC_IRQHandler
                0x08006310                DMA1_Channel7_IRQHandler
                0x08006310                CAN1_RX1_IRQHandler
                0x08006310                TIM4_IRQHandler
                0x08006310                I2C1_EV_IRQHandler
                0x08006310                DMA1_Channel6_IRQHandler
                0x08006310                TIM3_IRQHandler
                0x08006310                RCC_IRQHandler
                0x08006310                TIM1_TRG_COM_IRQHandler
                0x08006310                DMA1_Channel1_IRQHandler
                0x08006310                Default_Handler
                0x08006310                EXTI15_10_IRQHandler
                0x08006310                SPI2_IRQHandler
                0x08006310                DMA1_Channel5_IRQHandler
                0x08006310                EXTI4_IRQHandler
                0x08006310                USB_HP_CAN1_TX_IRQHandler
                0x08006310                DMA1_Channel3_IRQHandler
                0x08006310                TIM1_UP_IRQHandler
                0x08006310                WWDG_IRQHandler
                0x08006310                TIM2_IRQHandler
                0x08006310                TIM1_BRK_IRQHandler
                0x08006310                EXTI1_IRQHandler
                0x08006310                USART2_IRQHandler
                0x08006310                I2C2_ER_IRQHandler
                0x08006310                DMA1_Channel2_IRQHandler
                0x08006310                CAN1_SCE_IRQHandler
                0x08006310                FLASH_IRQHandler
                0x08006310                USART1_IRQHandler
                0x08006310                I2C1_ER_IRQHandler
                0x08006310                USBWakeUp_IRQHandler
 *fill*         0x08006312        0x2 
 .text.__libc_init_array
                0x08006314       0x48 c:/program files (x86)/atollic/truestudio for stm32 9.0.1/armtools/bin/../lib/gcc/arm-atollic-eabi/6.3.1/../../../../arm-atollic-eabi/lib/armv7-m\libc_nano.a(lib_a-init.o)
                0x08006314                __libc_init_array
 .text.memset   0x0800635c       0x10 c:/program files (x86)/atollic/truestudio for stm32 9.0.1/armtools/bin/../lib/gcc/arm-atollic-eabi/6.3.1/../../../../arm-atollic-eabi/lib/armv7-m\libc_nano.a(lib_a-memset.o)
                0x0800635c                memset
 .text.printf   0x0800636c       0x30 c:/program files (x86)/atollic/truestudio for stm32 9.0.1/armtools/bin/../lib/gcc/arm-atollic-eabi/6.3.1/../../../../arm-atollic-eabi/lib/armv7-m\libc_nano.a(lib_a-printf.o)
                0x0800636c                iprintf
                0x0800636c                printf
 .text._puts_r  0x0800639c       0xb8 c:/program files (x86)/atollic/truestudio for stm32 9.0.1/armtools/bin/../lib/gcc/arm-atollic-eabi/6.3.1/../../../../arm-atollic-eabi/lib/armv7-m\libc_nano.a(lib_a-puts.o)
                0x0800639c                _puts_r
 .text.puts     0x08006454       0x10 c:/program files (x86)/atollic/truestudio for stm32 9.0.1/armtools/bin/../lib/gcc/arm-atollic-eabi/6.3.1/../../../../arm-atollic-eabi/lib/armv7-m\libc_nano.a(lib_a-puts.o)
                0x08006454                puts
 .text.__swbuf_r
                0x08006464       0xa4 c:/program files (x86)/atollic/truestudio for stm32 9.0.1/armtools/bin/../lib/gcc/arm-atollic-eabi/6.3.1/../../../../arm-atollic-eabi/lib/armv7-m\libc_nano.a(lib_a-wbuf.o)
                0x08006464                __swbuf_r
 .text.__swsetup_r
                0x08006508       0xdc c:/program files (x86)/atollic/truestudio for stm32 9.0.1/armtools/bin/../lib/gcc/arm-atollic-eabi/6.3.1/../../../../arm-atollic-eabi/lib/armv7-m\libc_nano.a(lib_a-wsetup.o)
                0x08006508                __swsetup_r
 .text.__sflush_r
                0x080065e4      0x110 c:/program files (x86)/atollic/truestudio for stm32 9.0.1/armtools/bin/../lib/gcc/arm-atollic-eabi/6.3.1/../../../../arm-atollic-eabi/lib/armv7-m\libc_nano.a(lib_a-fflush.o)
                0x080065e4                __sflush_r
 .text._fflush_r
                0x080066f4       0x54 c:/program files (x86)/atollic/truestudio for stm32 9.0.1/armtools/bin/../lib/gcc/arm-atollic-eabi/6.3.1/../../../../arm-atollic-eabi/lib/armv7-m\libc_nano.a(lib_a-fflush.o)
                0x080066f4                _fflush_r
 .text._cleanup_r
                0x08006748        0xc c:/program files (x86)/atollic/truestudio for stm32 9.0.1/armtools/bin/../lib/gcc/arm-atollic-eabi/6.3.1/../../../../arm-atollic-eabi/lib/armv7-m\libc_nano.a(lib_a-findfp.o)
                0x08006748                _cleanup_r
 .text.std.isra.0
                0x08006754       0x48 c:/program files (x86)/atollic/truestudio for stm32 9.0.1/armtools/bin/../lib/gcc/arm-atollic-eabi/6.3.1/../../../../arm-atollic-eabi/lib/armv7-m\libc_nano.a(lib_a-findfp.o)
 .text.__sfmoreglue
                0x0800679c       0x2c c:/program files (x86)/atollic/truestudio for stm32 9.0.1/armtools/bin/../lib/gcc/arm-atollic-eabi/6.3.1/../../../../arm-atollic-eabi/lib/armv7-m\libc_nano.a(lib_a-findfp.o)
                0x0800679c                __sfmoreglue
 .text.__sinit  0x080067c8       0x60 c:/program files (x86)/atollic/truestudio for stm32 9.0.1/armtools/bin/../lib/gcc/arm-atollic-eabi/6.3.1/../../../../arm-atollic-eabi/lib/armv7-m\libc_nano.a(lib_a-findfp.o)
                0x080067c8                __sinit
 .text.__sfp    0x08006828       0x78 c:/program files (x86)/atollic/truestudio for stm32 9.0.1/armtools/bin/../lib/gcc/arm-atollic-eabi/6.3.1/../../../../arm-atollic-eabi/lib/armv7-m\libc_nano.a(lib_a-findfp.o)
                0x08006828                __sfp
 .text._fwalk_reent
                0x080068a0       0x3c c:/program files (x86)/atollic/truestudio for stm32 9.0.1/armtools/bin/../lib/gcc/arm-atollic-eabi/6.3.1/../../../../arm-atollic-eabi/lib/armv7-m\libc_nano.a(lib_a-fwalk.o)
                0x080068a0                _fwalk_reent
 .text.__swhatbuf_r
                0x080068dc       0x48 c:/program files (x86)/atollic/truestudio for stm32 9.0.1/armtools/bin/../lib/gcc/arm-atollic-eabi/6.3.1/../../../../arm-atollic-eabi/lib/armv7-m\libc_nano.a(lib_a-makebuf.o)
                0x080068dc                __swhatbuf_r
 .text.__smakebuf_r
                0x08006924       0x80 c:/program files (x86)/atollic/truestudio for stm32 9.0.1/armtools/bin/../lib/gcc/arm-atollic-eabi/6.3.1/../../../../arm-atollic-eabi/lib/armv7-m\libc_nano.a(lib_a-makebuf.o)
                0x08006924                __smakebuf_r
 .text._free_r  0x080069a4       0x98 c:/program files (x86)/atollic/truestudio for stm32 9.0.1/armtools/bin/../lib/gcc/arm-atollic-eabi/6.3.1/../../../../arm-atollic-eabi/lib/armv7-m\libc_nano.a(lib_a-nano-freer.o)
                0x080069a4                _free_r
 .text._malloc_r
                0x08006a3c       0xbc c:/program files (x86)/atollic/truestudio for stm32 9.0.1/armtools/bin/../lib/gcc/arm-atollic-eabi/6.3.1/../../../../arm-atollic-eabi/lib/armv7-m\libc_nano.a(lib_a-nano-mallocr.o)
                0x08006a3c                _malloc_r
 .text.__sfputc_r
                0x08006af8       0x2c c:/program files (x86)/atollic/truestudio for stm32 9.0.1/armtools/bin/../lib/gcc/arm-atollic-eabi/6.3.1/../../../../arm-atollic-eabi/lib/armv7-m\libc_nano.a(lib_a-nano-vfprintf.o)
 .text.__sfputs_r
                0x08006b24       0x24 c:/program files (x86)/atollic/truestudio for stm32 9.0.1/armtools/bin/../lib/gcc/arm-atollic-eabi/6.3.1/../../../../arm-atollic-eabi/lib/armv7-m\libc_nano.a(lib_a-nano-vfprintf.o)
                0x08006b24                __sfputs_r
 .text._vfprintf_r
                0x08006b48      0x22c c:/program files (x86)/atollic/truestudio for stm32 9.0.1/armtools/bin/../lib/gcc/arm-atollic-eabi/6.3.1/../../../../arm-atollic-eabi/lib/armv7-m\libc_nano.a(lib_a-nano-vfprintf.o)
                0x08006b48                _vfprintf_r
                0x08006b48                _vfiprintf_r
 .text._printf_common
                0x08006d74       0xee c:/program files (x86)/atollic/truestudio for stm32 9.0.1/armtools/bin/../lib/gcc/arm-atollic-eabi/6.3.1/../../../../arm-atollic-eabi/lib/armv7-m\libc_nano.a(lib_a-nano-vfprintf_i.o)
                0x08006d74                _printf_common
 *fill*         0x08006e62        0x2 
 .text._printf_i
                0x08006e64      0x240 c:/program files (x86)/atollic/truestudio for stm32 9.0.1/armtools/bin/../lib/gcc/arm-atollic-eabi/6.3.1/../../../../arm-atollic-eabi/lib/armv7-m\libc_nano.a(lib_a-nano-vfprintf_i.o)
                0x08006e64                _printf_i
 .text._sbrk_r  0x080070a4       0x20 c:/program files (x86)/atollic/truestudio for stm32 9.0.1/armtools/bin/../lib/gcc/arm-atollic-eabi/6.3.1/../../../../arm-atollic-eabi/lib/armv7-m\libc_nano.a(lib_a-sbrkr.o)
                0x080070a4                _sbrk_r
 .text.__sread  0x080070c4       0x22 c:/program files (x86)/atollic/truestudio for stm32 9.0.1/armtools/bin/../lib/gcc/arm-atollic-eabi/6.3.1/../../../../arm-atollic-eabi/lib/armv7-m\libc_nano.a(lib_a-stdio.o)
                0x080070c4                __sread
 .text.__swrite
                0x080070e6       0x38 c:/program files (x86)/atollic/truestudio for stm32 9.0.1/armtools/bin/../lib/gcc/arm-atollic-eabi/6.3.1/../../../../arm-atollic-eabi/lib/armv7-m\libc_nano.a(lib_a-stdio.o)
                0x080070e6                __swrite
 .text.__sseek  0x0800711e       0x24 c:/program files (x86)/atollic/truestudio for stm32 9.0.1/armtools/bin/../lib/gcc/arm-atollic-eabi/6.3.1/../../../../arm-atollic-eabi/lib/armv7-m\libc_nano.a(lib_a-stdio.o)
                0x0800711e                __sseek
 .text.__sclose
                0x08007142        0x8 c:/program files (x86)/atollic/truestudio for stm32 9.0.1/armtools/bin/../lib/gcc/arm-atollic-eabi/6.3.1/../../../../arm-atollic-eabi/lib/armv7-m\libc_nano.a(lib_a-stdio.o)
                0x08007142                __sclose
 *fill*         0x0800714a        0x2 
 .text._write_r
                0x0800714c       0x24 c:/program files (x86)/atollic/truestudio for stm32 9.0.1/armtools/bin/../lib/gcc/arm-atollic-eabi/6.3.1/../../../../arm-atollic-eabi/lib/armv7-m\libc_nano.a(lib_a-writer.o)
                0x0800714c                _write_r
 .text._close_r
                0x08007170       0x20 c:/program files (x86)/atollic/truestudio for stm32 9.0.1/armtools/bin/../lib/gcc/arm-atollic-eabi/6.3.1/../../../../arm-atollic-eabi/lib/armv7-m\libc_nano.a(lib_a-closer.o)
                0x08007170                _close_r
 .text._fstat_r
                0x08007190       0x24 c:/program files (x86)/atollic/truestudio for stm32 9.0.1/armtools/bin/../lib/gcc/arm-atollic-eabi/6.3.1/../../../../arm-atollic-eabi/lib/armv7-m\libc_nano.a(lib_a-fstatr.o)
                0x08007190                _fstat_r
 .text._isatty_r
                0x080071b4       0x20 c:/program files (x86)/atollic/truestudio for stm32 9.0.1/armtools/bin/../lib/gcc/arm-atollic-eabi/6.3.1/../../../../arm-atollic-eabi/lib/armv7-m\libc_nano.a(lib_a-isattyr.o)
                0x080071b4                _isatty_r
 .text._lseek_r
                0x080071d4       0x24 c:/program files (x86)/atollic/truestudio for stm32 9.0.1/armtools/bin/../lib/gcc/arm-atollic-eabi/6.3.1/../../../../arm-atollic-eabi/lib/armv7-m\libc_nano.a(lib_a-lseekr.o)
                0x080071d4                _lseek_r
 .text.memchr   0x080071f8       0x1c c:/program files (x86)/atollic/truestudio for stm32 9.0.1/armtools/bin/../lib/gcc/arm-atollic-eabi/6.3.1/../../../../arm-atollic-eabi/lib/armv7-m\libc_nano.a(lib_a-memchr-stub.o)
                0x080071f8                memchr
 .text.__malloc_lock
                0x08007214        0x2 c:/program files (x86)/atollic/truestudio for stm32 9.0.1/armtools/bin/../lib/gcc/arm-atollic-eabi/6.3.1/../../../../arm-atollic-eabi/lib/armv7-m\libc_nano.a(lib_a-mlock.o)
                0x08007214                __malloc_lock
 .text.__malloc_unlock
                0x08007216        0x2 c:/program files (x86)/atollic/truestudio for stm32 9.0.1/armtools/bin/../lib/gcc/arm-atollic-eabi/6.3.1/../../../../arm-atollic-eabi/lib/armv7-m\libc_nano.a(lib_a-mlock.o)
                0x08007216                __malloc_unlock
 .text._read_r  0x08007218       0x24 c:/program files (x86)/atollic/truestudio for stm32 9.0.1/armtools/bin/../lib/gcc/arm-atollic-eabi/6.3.1/../../../../arm-atollic-eabi/lib/armv7-m\libc_nano.a(lib_a-readr.o)
                0x08007218                _read_r
 .text._close   0x0800723c       0x10 c:/program files (x86)/atollic/truestudio for stm32 9.0.1/armtools/bin/../lib/gcc/arm-atollic-eabi/6.3.1/../../../../arm-atollic-eabi/lib/armv7-m\libnosys.a(close.o)
                0x0800723c                _close
 .text._fstat   0x0800724c       0x10 c:/program files (x86)/atollic/truestudio for stm32 9.0.1/armtools/bin/../lib/gcc/arm-atollic-eabi/6.3.1/../../../../arm-atollic-eabi/lib/armv7-m\libnosys.a(fstat.o)
                0x0800724c                _fstat
 .text._isatty  0x0800725c       0x10 c:/program files (x86)/atollic/truestudio for stm32 9.0.1/armtools/bin/../lib/gcc/arm-atollic-eabi/6.3.1/../../../../arm-atollic-eabi/lib/armv7-m\libnosys.a(isatty.o)
                0x0800725c                _isatty
 .text._lseek   0x0800726c       0x10 c:/program files (x86)/atollic/truestudio for stm32 9.0.1/armtools/bin/../lib/gcc/arm-atollic-eabi/6.3.1/../../../../arm-atollic-eabi/lib/armv7-m\libnosys.a(lseek.o)
                0x0800726c                _lseek
 .text._read    0x0800727c       0x10 c:/program files (x86)/atollic/truestudio for stm32 9.0.1/armtools/bin/../lib/gcc/arm-atollic-eabi/6.3.1/../../../../arm-atollic-eabi/lib/armv7-m\libnosys.a(read.o)
                0x0800727c                _read
 .text._sbrk    0x0800728c       0x1c c:/program files (x86)/atollic/truestudio for stm32 9.0.1/armtools/bin/../lib/gcc/arm-atollic-eabi/6.3.1/../../../../arm-atollic-eabi/lib/armv7-m\libnosys.a(sbrk.o)
                0x0800728c                _sbrk
 *(.glue_7)
 .glue_7        0x080072a8        0x0 linker stubs
 *(.glue_7t)
 .glue_7t       0x080072a8        0x0 linker stubs
 *(.eh_frame)
 .eh_frame      0x080072a8        0x0 c:/program files (x86)/atollic/truestudio for stm32 9.0.1/armtools/bin/../lib/gcc/arm-atollic-eabi/6.3.1/armv7-m/crtbegin.o
 *(.init)
 .init          0x080072a8        0x4 c:/program files (x86)/atollic/truestudio for stm32 9.0.1/armtools/bin/../lib/gcc/arm-atollic-eabi/6.3.1/armv7-m/crti.o
                0x080072a8                _init
 .init          0x080072ac        0x8 c:/program files (x86)/atollic/truestudio for stm32 9.0.1/armtools/bin/../lib/gcc/arm-atollic-eabi/6.3.1/armv7-m/crtn.o
 *(.fini)
 .fini          0x080072b4        0x4 c:/program files (x86)/atollic/truestudio for stm32 9.0.1/armtools/bin/../lib/gcc/arm-atollic-eabi/6.3.1/armv7-m/crti.o
                0x080072b4                _fini
 .fini          0x080072b8        0x8 c:/program files (x86)/atollic/truestudio for stm32 9.0.1/armtools/bin/../lib/gcc/arm-atollic-eabi/6.3.1/armv7-m/crtn.o
                0x080072c0                . = ALIGN (0x4)
                0x080072c0                _etext = .

.vfp11_veneer   0x080072c0        0x0
 .vfp11_veneer  0x080072c0        0x0 linker stubs

.v4_bx          0x080072c0        0x0
 .v4_bx         0x080072c0        0x0 linker stubs

.iplt           0x080072c0        0x0
 .iplt          0x080072c0        0x0 c:/program files (x86)/atollic/truestudio for stm32 9.0.1/armtools/bin/../lib/gcc/arm-atollic-eabi/6.3.1/armv7-m/crtbegin.o

.rodata         0x080072c0      0x264
                0x080072c0                . = ALIGN (0x4)
 *(.rodata)
 .rodata        0x080072c0       0x12 Drivers\STM32F1xx_HAL_Driver\Src\stm32f1xx_hal_rcc.o
 *fill*         0x080072d2        0x2 
 .rodata        0x080072d4       0x1d Middlewares\ST\STM32_USB_Device_Library\Class\HID\Src\usbd_hid.o
 *fill*         0x080072f1        0x3 
 .rodata        0x080072f4        0xe Src\main.o
 *fill*         0x08007302        0x2 
 .rodata        0x08007304       0x13 Src\usbd_conf.o
 *fill*         0x08007317        0x1 
 .rodata        0x08007318       0x56 Src\usbd_desc.o
 *(.rodata*)
 *fill*         0x0800736e        0x2 
 .rodata.touchQualityKey
                0x08007370      0x101 Devices\Src\touch.o
                0x08007370                touchQualityKey
 *fill*         0x08007471        0x3 
 .rodata.AHBPrescTable
                0x08007474       0x10 Src\system_stm32f1xx.o
                0x08007474                AHBPrescTable
 .rodata.APBPrescTable
                0x08007484        0x8 Src\system_stm32f1xx.o
                0x08007484                APBPrescTable
 .rodata.__sf_fake_stderr
                0x0800748c       0x20 c:/program files (x86)/atollic/truestudio for stm32 9.0.1/armtools/bin/../lib/gcc/arm-atollic-eabi/6.3.1/../../../../arm-atollic-eabi/lib/armv7-m\libc_nano.a(lib_a-findfp.o)
                0x0800748c                __sf_fake_stderr
 .rodata.__sf_fake_stdin
                0x080074ac       0x20 c:/program files (x86)/atollic/truestudio for stm32 9.0.1/armtools/bin/../lib/gcc/arm-atollic-eabi/6.3.1/../../../../arm-atollic-eabi/lib/armv7-m\libc_nano.a(lib_a-findfp.o)
                0x080074ac                __sf_fake_stdin
 .rodata.__sf_fake_stdout
                0x080074cc       0x20 c:/program files (x86)/atollic/truestudio for stm32 9.0.1/armtools/bin/../lib/gcc/arm-atollic-eabi/6.3.1/../../../../arm-atollic-eabi/lib/armv7-m\libc_nano.a(lib_a-findfp.o)
                0x080074cc                __sf_fake_stdout
 .rodata._global_impure_ptr
                0x080074ec        0x4 c:/program files (x86)/atollic/truestudio for stm32 9.0.1/armtools/bin/../lib/gcc/arm-atollic-eabi/6.3.1/../../../../arm-atollic-eabi/lib/armv7-m\libc_nano.a(lib_a-impure.o)
                0x080074ec                _global_impure_ptr
 .rodata._vfprintf_r.str1.1
                0x080074f0       0x11 c:/program files (x86)/atollic/truestudio for stm32 9.0.1/armtools/bin/../lib/gcc/arm-atollic-eabi/6.3.1/../../../../arm-atollic-eabi/lib/armv7-m\libc_nano.a(lib_a-nano-vfprintf.o)
 .rodata._printf_i.str1.1
                0x08007501       0x22 c:/program files (x86)/atollic/truestudio for stm32 9.0.1/armtools/bin/../lib/gcc/arm-atollic-eabi/6.3.1/../../../../arm-atollic-eabi/lib/armv7-m\libc_nano.a(lib_a-nano-vfprintf_i.o)
                0x08007524                . = ALIGN (0x4)
 *fill*         0x08007523        0x1 

.rel.dyn        0x08007524        0x0
 .rel.iplt      0x08007524        0x0 c:/program files (x86)/atollic/truestudio for stm32 9.0.1/armtools/bin/../lib/gcc/arm-atollic-eabi/6.3.1/armv7-m/crtbegin.o

.ARM.extab
 *(.ARM.extab* .gnu.linkonce.armextab.*)

.ARM            0x08007524        0x0
                0x08007524                __exidx_start = .
 *(.ARM.exidx*)
                0x08007524                __exidx_end = .

.preinit_array  0x08007524        0x0
                0x08007524                PROVIDE (__preinit_array_start, .)
 *(.preinit_array*)
                0x08007524                PROVIDE (__preinit_array_end, .)

.init_array     0x08007524        0x4
                0x08007524                PROVIDE (__init_array_start, .)
 *(SORT(.init_array.*))
 *(.init_array*)
 .init_array    0x08007524        0x4 c:/program files (x86)/atollic/truestudio for stm32 9.0.1/armtools/bin/../lib/gcc/arm-atollic-eabi/6.3.1/armv7-m/crtbegin.o
                0x08007528                PROVIDE (__init_array_end, .)

.fini_array     0x08007528        0x4
                [!provide]                PROVIDE (__fini_array_start, .)
 *(SORT(.fini_array.*))
 *(.fini_array*)
 .fini_array    0x08007528        0x4 c:/program files (x86)/atollic/truestudio for stm32 9.0.1/armtools/bin/../lib/gcc/arm-atollic-eabi/6.3.1/armv7-m/crtbegin.o
                [!provide]                PROVIDE (__fini_array_end, .)
                0x0800752c                _sidata = LOADADDR (.data)

.data           0x20000000      0x2f0 load address 0x0800752c
                0x20000000                . = ALIGN (0x4)
                0x20000000                _sdata = .
 *(.data)
 *(.data*)
 .data.uwTickPrio
                0x20000000        0x4 Drivers\STM32F1xx_HAL_Driver\Src\stm32f1xx_hal.o
                0x20000000                uwTickPrio
 .data.uwTickFreq
                0x20000004        0x1 Drivers\STM32F1xx_HAL_Driver\Src\stm32f1xx_hal.o
                0x20000004                uwTickFreq
 *fill*         0x20000005        0x3 
 .data.USBD_HID
                0x20000008       0x38 Middlewares\ST\STM32_USB_Device_Library\Class\HID\Src\usbd_hid.o
                0x20000008                USBD_HID
 .data.USBD_HID_CfgDesc
                0x20000040       0x22 Middlewares\ST\STM32_USB_Device_Library\Class\HID\Src\usbd_hid.o
 *fill*         0x20000062        0x2 
 .data.USBD_HID_Desc
                0x20000064        0x9 Middlewares\ST\STM32_USB_Device_Library\Class\HID\Src\usbd_hid.o
 *fill*         0x2000006d        0x3 
 .data.USBD_HID_DeviceQualifierDesc
                0x20000070        0xa Middlewares\ST\STM32_USB_Device_Library\Class\HID\Src\usbd_hid.o
 *fill*         0x2000007a        0x2 
 .data.HID_MULTI_TOUCH_ReportDesc
                0x2000007c      0x1d6 Middlewares\ST\STM32_USB_Device_Library\Class\HID\Src\usbd_hid.o
 *fill*         0x20000252        0x2 
 .data.SystemCoreClock
                0x20000254        0x4 Src\system_stm32f1xx.o
                0x20000254                SystemCoreClock
 .data.FS_Desc  0x20000258       0x1c Src\usbd_desc.o
                0x20000258                FS_Desc
 .data.USBD_FS_DeviceDesc
                0x20000274       0x12 Src\usbd_desc.o
                0x20000274                USBD_FS_DeviceDesc
 *fill*         0x20000286        0x2 
 .data.USBD_LangIDDesc
                0x20000288        0x4 Src\usbd_desc.o
                0x20000288                USBD_LangIDDesc
 .data._impure_ptr
                0x2000028c        0x4 c:/program files (x86)/atollic/truestudio for stm32 9.0.1/armtools/bin/../lib/gcc/arm-atollic-eabi/6.3.1/../../../../arm-atollic-eabi/lib/armv7-m\libc_nano.a(lib_a-impure.o)
                0x2000028c                _impure_ptr
 .data.impure_data
                0x20000290       0x60 c:/program files (x86)/atollic/truestudio for stm32 9.0.1/armtools/bin/../lib/gcc/arm-atollic-eabi/6.3.1/../../../../arm-atollic-eabi/lib/armv7-m\libc_nano.a(lib_a-impure.o)
                0x200002f0                . = ALIGN (0x4)
                0x200002f0                _edata = .

.igot.plt       0x200002f0        0x0 load address 0x0800781c
 .igot.plt      0x200002f0        0x0 c:/program files (x86)/atollic/truestudio for stm32 9.0.1/armtools/bin/../lib/gcc/arm-atollic-eabi/6.3.1/armv7-m/crtbegin.o
                0x200002f0                . = ALIGN (0x4)

.bss            0x200002f0      0x9bc load address 0x0800781c
                0x200002f0                _sbss = .
                0x200002f0                __bss_start__ = _sbss
 *(.bss)
 .bss           0x200002f0       0x1c c:/program files (x86)/atollic/truestudio for stm32 9.0.1/armtools/bin/../lib/gcc/arm-atollic-eabi/6.3.1/armv7-m/crtbegin.o
 *(.bss*)
 .bss.touchIrq  0x2000030c        0x1 Devices\Src\touch.o
 *fill*         0x2000030d        0x3 
 .bss.oldX      0x20000310        0xa Devices\Src\touch.o
 *fill*         0x2000031a        0x2 
 .bss.oldY      0x2000031c        0xa Devices\Src\touch.o
 .bss.p_point_num
                0x20000326        0x1 Devices\Src\touch.o
 .bss.cfgidx.7624
                0x20000327        0x1 Middlewares\ST\STM32_USB_Device_Library\Core\Src\usbd_ctlreq.o
 .bss.rxIn      0x20000328        0x1 Src\main.o
                0x20000328                rxIn
 *fill*         0x20000329        0x3 
 .bss.mem.7750  0x2000032c       0x14 Src\usbd_conf.o
 .bss.__malloc_free_list
                0x20000340        0x4 c:/program files (x86)/atollic/truestudio for stm32 9.0.1/armtools/bin/../lib/gcc/arm-atollic-eabi/6.3.1/../../../../arm-atollic-eabi/lib/armv7-m\libc_nano.a(lib_a-nano-mallocr.o)
                0x20000340                __malloc_free_list
 .bss.__malloc_sbrk_start
                0x20000344        0x4 c:/program files (x86)/atollic/truestudio for stm32 9.0.1/armtools/bin/../lib/gcc/arm-atollic-eabi/6.3.1/../../../../arm-atollic-eabi/lib/armv7-m\libc_nano.a(lib_a-nano-mallocr.o)
                0x20000344                __malloc_sbrk_start
 .bss.heap_end.4116
                0x20000348        0x4 c:/program files (x86)/atollic/truestudio for stm32 9.0.1/armtools/bin/../lib/gcc/arm-atollic-eabi/6.3.1/../../../../arm-atollic-eabi/lib/armv7-m\libnosys.a(sbrk.o)
 *(COMMON)
 COMMON         0x2000034c       0x2c Devices\Src\touch.o
                0x2000034c                multiTouch
 COMMON         0x20000378        0x4 Drivers\STM32F1xx_HAL_Driver\Src\stm32f1xx_hal.o
                0x20000378                uwTick
 COMMON         0x2000037c       0xa8 Src\main.o
                0x2000037c                rxITBuf
                0x20000380                huart3
                0x200003c0                rxBuf
 COMMON         0x20000424      0x224 Src\usb_device.o
                0x20000424                hUsbDeviceFS
 COMMON         0x20000648      0x460 Src\usbd_conf.o
                0x20000648                hpcd_USB_FS
 COMMON         0x20000aa8      0x200 Src\usbd_desc.o
                0x20000aa8                USBD_StrDesc
 COMMON         0x20000ca8        0x4 c:/program files (x86)/atollic/truestudio for stm32 9.0.1/armtools/bin/../lib/gcc/arm-atollic-eabi/6.3.1/../../../../arm-atollic-eabi/lib/armv7-m\libc_nano.a(lib_a-reent.o)
                0x20000ca8                errno
                0x20000cac                . = ALIGN (0x4)
                0x20000cac                _ebss = .
                0x20000cac                __bss_end__ = _ebss

._user_heap_stack
                0x20000cac      0x600 load address 0x0800781c
                0x20000cac                . = ALIGN (0x4)
                0x20000cac                PROVIDE (end, .)
                [!provide]                PROVIDE (_end, .)
                0x20000eac                . = (. + _Min_Heap_Size)
 *fill*         0x20000cac      0x200 
                0x200012ac                . = (. + _Min_Stack_Size)
 *fill*         0x20000eac      0x400 
                0x200012ac                . = ALIGN (0x4)

/DISCARD/
 libc.a(*)
 libm.a(*)
 libgcc.a(*)

.ARM.attributes
                0x00000000       0x29
 *(.ARM.attributes)
 .ARM.attributes
                0x00000000       0x1d c:/program files (x86)/atollic/truestudio for stm32 9.0.1/armtools/bin/../lib/gcc/arm-atollic-eabi/6.3.1/armv7-m/crti.o
 .ARM.attributes
                0x0000001d       0x2d c:/program files (x86)/atollic/truestudio for stm32 9.0.1/armtools/bin/../lib/gcc/arm-atollic-eabi/6.3.1/armv7-m/crtbegin.o
 .ARM.attributes
                0x0000004a       0x33 Devices\Src\i2c.o
 .ARM.attributes
                0x0000007d       0x33 Devices\Src\touch.o
 .ARM.attributes
                0x000000b0       0x33 Drivers\STM32F1xx_HAL_Driver\Src\stm32f1xx_hal.o
 .ARM.attributes
                0x000000e3       0x33 Drivers\STM32F1xx_HAL_Driver\Src\stm32f1xx_hal_cortex.o
 .ARM.attributes
                0x00000116       0x33 Drivers\STM32F1xx_HAL_Driver\Src\stm32f1xx_hal_dma.o
 .ARM.attributes
                0x00000149       0x33 Drivers\STM32F1xx_HAL_Driver\Src\stm32f1xx_hal_gpio.o
 .ARM.attributes
                0x0000017c       0x33 Drivers\STM32F1xx_HAL_Driver\Src\stm32f1xx_hal_pcd.o
 .ARM.attributes
                0x000001af       0x33 Drivers\STM32F1xx_HAL_Driver\Src\stm32f1xx_hal_pcd_ex.o
 .ARM.attributes
                0x000001e2       0x33 Drivers\STM32F1xx_HAL_Driver\Src\stm32f1xx_hal_rcc.o
 .ARM.attributes
                0x00000215       0x33 Drivers\STM32F1xx_HAL_Driver\Src\stm32f1xx_hal_rcc_ex.o
 .ARM.attributes
                0x00000248       0x33 Drivers\STM32F1xx_HAL_Driver\Src\stm32f1xx_hal_uart.o
 .ARM.attributes
                0x0000027b       0x33 Drivers\STM32F1xx_HAL_Driver\Src\stm32f1xx_ll_usb.o
 .ARM.attributes
                0x000002ae       0x33 Middlewares\ST\STM32_USB_Device_Library\Class\HID\Src\usbd_hid.o
 .ARM.attributes
                0x000002e1       0x33 Middlewares\ST\STM32_USB_Device_Library\Core\Src\usbd_core.o
 .ARM.attributes
                0x00000314       0x33 Middlewares\ST\STM32_USB_Device_Library\Core\Src\usbd_ctlreq.o
 .ARM.attributes
                0x00000347       0x33 Middlewares\ST\STM32_USB_Device_Library\Core\Src\usbd_ioreq.o
 .ARM.attributes
                0x0000037a       0x33 Src\main.o
 .ARM.attributes
                0x000003ad       0x33 Src\stm32f1xx_hal_msp.o
 .ARM.attributes
                0x000003e0       0x33 Src\stm32f1xx_it.o
 .ARM.attributes
                0x00000413       0x33 Src\system_stm32f1xx.o
 .ARM.attributes
                0x00000446       0x33 Src\usb_device.o
 .ARM.attributes
                0x00000479       0x33 Src\usbd_conf.o
 .ARM.attributes
                0x000004ac       0x33 Src\usbd_desc.o
 .ARM.attributes
                0x000004df       0x21 startup\startup_stm32f103xb.o
 .ARM.attributes
                0x00000500       0x2d c:/program files (x86)/atollic/truestudio for stm32 9.0.1/armtools/bin/../lib/gcc/arm-atollic-eabi/6.3.1/../../../../arm-atollic-eabi/lib/armv7-m\libc_nano.a(lib_a-init.o)
 .ARM.attributes
                0x0000052d       0x2d c:/program files (x86)/atollic/truestudio for stm32 9.0.1/armtools/bin/../lib/gcc/arm-atollic-eabi/6.3.1/../../../../arm-atollic-eabi/lib/armv7-m\libc_nano.a(lib_a-memset.o)
 .ARM.attributes
                0x0000055a       0x2d c:/program files (x86)/atollic/truestudio for stm32 9.0.1/armtools/bin/../lib/gcc/arm-atollic-eabi/6.3.1/../../../../arm-atollic-eabi/lib/armv7-m\libc_nano.a(lib_a-printf.o)
 .ARM.attributes
                0x00000587       0x2d c:/program files (x86)/atollic/truestudio for stm32 9.0.1/armtools/bin/../lib/gcc/arm-atollic-eabi/6.3.1/../../../../arm-atollic-eabi/lib/armv7-m\libc_nano.a(lib_a-puts.o)
 .ARM.attributes
                0x000005b4       0x2d c:/program files (x86)/atollic/truestudio for stm32 9.0.1/armtools/bin/../lib/gcc/arm-atollic-eabi/6.3.1/../../../../arm-atollic-eabi/lib/armv7-m\libc_nano.a(lib_a-wbuf.o)
 .ARM.attributes
                0x000005e1       0x2d c:/program files (x86)/atollic/truestudio for stm32 9.0.1/armtools/bin/../lib/gcc/arm-atollic-eabi/6.3.1/../../../../arm-atollic-eabi/lib/armv7-m\libc_nano.a(lib_a-wsetup.o)
 .ARM.attributes
                0x0000060e       0x2d c:/program files (x86)/atollic/truestudio for stm32 9.0.1/armtools/bin/../lib/gcc/arm-atollic-eabi/6.3.1/../../../../arm-atollic-eabi/lib/armv7-m\libc_nano.a(lib_a-fflush.o)
 .ARM.attributes
                0x0000063b       0x2d c:/program files (x86)/atollic/truestudio for stm32 9.0.1/armtools/bin/../lib/gcc/arm-atollic-eabi/6.3.1/../../../../arm-atollic-eabi/lib/armv7-m\libc_nano.a(lib_a-findfp.o)
 .ARM.attributes
                0x00000668       0x2d c:/program files (x86)/atollic/truestudio for stm32 9.0.1/armtools/bin/../lib/gcc/arm-atollic-eabi/6.3.1/../../../../arm-atollic-eabi/lib/armv7-m\libc_nano.a(lib_a-fwalk.o)
 .ARM.attributes
                0x00000695       0x2d c:/program files (x86)/atollic/truestudio for stm32 9.0.1/armtools/bin/../lib/gcc/arm-atollic-eabi/6.3.1/../../../../arm-atollic-eabi/lib/armv7-m\libc_nano.a(lib_a-impure.o)
 .ARM.attributes
                0x000006c2       0x2d c:/program files (x86)/atollic/truestudio for stm32 9.0.1/armtools/bin/../lib/gcc/arm-atollic-eabi/6.3.1/../../../../arm-atollic-eabi/lib/armv7-m\libc_nano.a(lib_a-makebuf.o)
 .ARM.attributes
                0x000006ef       0x2d c:/program files (x86)/atollic/truestudio for stm32 9.0.1/armtools/bin/../lib/gcc/arm-atollic-eabi/6.3.1/../../../../arm-atollic-eabi/lib/armv7-m\libc_nano.a(lib_a-nano-freer.o)
 .ARM.attributes
                0x0000071c       0x2d c:/program files (x86)/atollic/truestudio for stm32 9.0.1/armtools/bin/../lib/gcc/arm-atollic-eabi/6.3.1/../../../../arm-atollic-eabi/lib/armv7-m\libc_nano.a(lib_a-nano-mallocr.o)
 .ARM.attributes
                0x00000749       0x2d c:/program files (x86)/atollic/truestudio for stm32 9.0.1/armtools/bin/../lib/gcc/arm-atollic-eabi/6.3.1/../../../../arm-atollic-eabi/lib/armv7-m\libc_nano.a(lib_a-nano-vfprintf.o)
 .ARM.attributes
                0x00000776       0x2d c:/program files (x86)/atollic/truestudio for stm32 9.0.1/armtools/bin/../lib/gcc/arm-atollic-eabi/6.3.1/../../../../arm-atollic-eabi/lib/armv7-m\libc_nano.a(lib_a-nano-vfprintf_i.o)
 .ARM.attributes
                0x000007a3       0x2d c:/program files (x86)/atollic/truestudio for stm32 9.0.1/armtools/bin/../lib/gcc/arm-atollic-eabi/6.3.1/../../../../arm-atollic-eabi/lib/armv7-m\libc_nano.a(lib_a-sbrkr.o)
 .ARM.attributes
                0x000007d0       0x2d c:/program files (x86)/atollic/truestudio for stm32 9.0.1/armtools/bin/../lib/gcc/arm-atollic-eabi/6.3.1/../../../../arm-atollic-eabi/lib/armv7-m\libc_nano.a(lib_a-stdio.o)
 .ARM.attributes
                0x000007fd       0x2d c:/program files (x86)/atollic/truestudio for stm32 9.0.1/armtools/bin/../lib/gcc/arm-atollic-eabi/6.3.1/../../../../arm-atollic-eabi/lib/armv7-m\libc_nano.a(lib_a-writer.o)
 .ARM.attributes
                0x0000082a       0x2d c:/program files (x86)/atollic/truestudio for stm32 9.0.1/armtools/bin/../lib/gcc/arm-atollic-eabi/6.3.1/../../../../arm-atollic-eabi/lib/armv7-m\libc_nano.a(lib_a-closer.o)
 .ARM.attributes
                0x00000857       0x2d c:/program files (x86)/atollic/truestudio for stm32 9.0.1/armtools/bin/../lib/gcc/arm-atollic-eabi/6.3.1/../../../../arm-atollic-eabi/lib/armv7-m\libc_nano.a(lib_a-fstatr.o)
 .ARM.attributes
                0x00000884       0x2d c:/program files (x86)/atollic/truestudio for stm32 9.0.1/armtools/bin/../lib/gcc/arm-atollic-eabi/6.3.1/../../../../arm-atollic-eabi/lib/armv7-m\libc_nano.a(lib_a-isattyr.o)
 .ARM.attributes
                0x000008b1       0x2d c:/program files (x86)/atollic/truestudio for stm32 9.0.1/armtools/bin/../lib/gcc/arm-atollic-eabi/6.3.1/../../../../arm-atollic-eabi/lib/armv7-m\libc_nano.a(lib_a-lseekr.o)
 .ARM.attributes
                0x000008de       0x2d c:/program files (x86)/atollic/truestudio for stm32 9.0.1/armtools/bin/../lib/gcc/arm-atollic-eabi/6.3.1/../../../../arm-atollic-eabi/lib/armv7-m\libc_nano.a(lib_a-memchr-stub.o)
 .ARM.attributes
                0x0000090b       0x2d c:/program files (x86)/atollic/truestudio for stm32 9.0.1/armtools/bin/../lib/gcc/arm-atollic-eabi/6.3.1/../../../../arm-atollic-eabi/lib/armv7-m\libc_nano.a(lib_a-mlock.o)
 .ARM.attributes
                0x00000938       0x2d c:/program files (x86)/atollic/truestudio for stm32 9.0.1/armtools/bin/../lib/gcc/arm-atollic-eabi/6.3.1/../../../../arm-atollic-eabi/lib/armv7-m\libc_nano.a(lib_a-readr.o)
 .ARM.attributes
                0x00000965       0x2d c:/program files (x86)/atollic/truestudio for stm32 9.0.1/armtools/bin/../lib/gcc/arm-atollic-eabi/6.3.1/../../../../arm-atollic-eabi/lib/armv7-m\libc_nano.a(lib_a-reent.o)
 .ARM.attributes
                0x00000992       0x2d c:/program files (x86)/atollic/truestudio for stm32 9.0.1/armtools/bin/../lib/gcc/arm-atollic-eabi/6.3.1/../../../../arm-atollic-eabi/lib/armv7-m\libnosys.a(close.o)
 .ARM.attributes
                0x000009bf       0x2d c:/program files (x86)/atollic/truestudio for stm32 9.0.1/armtools/bin/../lib/gcc/arm-atollic-eabi/6.3.1/../../../../arm-atollic-eabi/lib/armv7-m\libnosys.a(fstat.o)
 .ARM.attributes
                0x000009ec       0x2d c:/program files (x86)/atollic/truestudio for stm32 9.0.1/armtools/bin/../lib/gcc/arm-atollic-eabi/6.3.1/../../../../arm-atollic-eabi/lib/armv7-m\libnosys.a(isatty.o)
 .ARM.attributes
                0x00000a19       0x2d c:/program files (x86)/atollic/truestudio for stm32 9.0.1/armtools/bin/../lib/gcc/arm-atollic-eabi/6.3.1/../../../../arm-atollic-eabi/lib/armv7-m\libnosys.a(lseek.o)
 .ARM.attributes
                0x00000a46       0x2d c:/program files (x86)/atollic/truestudio for stm32 9.0.1/armtools/bin/../lib/gcc/arm-atollic-eabi/6.3.1/../../../../arm-atollic-eabi/lib/armv7-m\libnosys.a(read.o)
 .ARM.attributes
                0x00000a73       0x2d c:/program files (x86)/atollic/truestudio for stm32 9.0.1/armtools/bin/../lib/gcc/arm-atollic-eabi/6.3.1/../../../../arm-atollic-eabi/lib/armv7-m\libnosys.a(sbrk.o)
 .ARM.attributes
                0x00000aa0       0x1d c:/program files (x86)/atollic/truestudio for stm32 9.0.1/armtools/bin/../lib/gcc/arm-atollic-eabi/6.3.1/armv7-m/crtn.o
OUTPUT(usb_touch.elf elf32-littlearm)

.debug_info     0x00000000    0x189f3
 .debug_info    0x00000000      0xc54 Devices\Src\i2c.o
 .debug_info    0x00000c54     0x1049 Devices\Src\touch.o
 .debug_info    0x00001c9d      0xeec Drivers\STM32F1xx_HAL_Driver\Src\stm32f1xx_hal.o
 .debug_info    0x00002b89     0x1303 Drivers\STM32F1xx_HAL_Driver\Src\stm32f1xx_hal_cortex.o
 .debug_info    0x00003e8c      0xf6c Drivers\STM32F1xx_HAL_Driver\Src\stm32f1xx_hal_dma.o
 .debug_info    0x00004df8      0xe66 Drivers\STM32F1xx_HAL_Driver\Src\stm32f1xx_hal_gpio.o
 .debug_info    0x00005c5e     0x14fb Drivers\STM32F1xx_HAL_Driver\Src\stm32f1xx_hal_pcd.o
 .debug_info    0x00007159      0xdfa Drivers\STM32F1xx_HAL_Driver\Src\stm32f1xx_hal_pcd_ex.o
 .debug_info    0x00007f53      0xfe2 Drivers\STM32F1xx_HAL_Driver\Src\stm32f1xx_hal_rcc.o
 .debug_info    0x00008f35      0xc04 Drivers\STM32F1xx_HAL_Driver\Src\stm32f1xx_hal_rcc_ex.o
 .debug_info    0x00009b39     0x1997 Drivers\STM32F1xx_HAL_Driver\Src\stm32f1xx_hal_uart.o
 .debug_info    0x0000b4d0     0x16b8 Drivers\STM32F1xx_HAL_Driver\Src\stm32f1xx_ll_usb.o
 .debug_info    0x0000cb88     0x1063 Middlewares\ST\STM32_USB_Device_Library\Class\HID\Src\usbd_hid.o
 .debug_info    0x0000dbeb     0x116a Middlewares\ST\STM32_USB_Device_Library\Core\Src\usbd_core.o
 .debug_info    0x0000ed55     0x10cb Middlewares\ST\STM32_USB_Device_Library\Core\Src\usbd_ctlreq.o
 .debug_info    0x0000fe20      0xecb Middlewares\ST\STM32_USB_Device_Library\Core\Src\usbd_ioreq.o
 .debug_info    0x00010ceb     0x17d9 Src\main.o
 .debug_info    0x000124c4     0x10f9 Src\stm32f1xx_hal_msp.o
 .debug_info    0x000135bd     0x11dd Src\stm32f1xx_it.o
 .debug_info    0x0001479a      0xc04 Src\system_stm32f1xx.o
 .debug_info    0x0001539e      0xd48 Src\usb_device.o
 .debug_info    0x000160e6     0x1c88 Src\usbd_conf.o
 .debug_info    0x00017d6e      0xc09 Src\usbd_desc.o
 .debug_info    0x00018977       0x7c startup\startup_stm32f103xb.o

.debug_abbrev   0x00000000     0x35f8
 .debug_abbrev  0x00000000      0x26c Devices\Src\i2c.o
 .debug_abbrev  0x0000026c      0x246 Devices\Src\touch.o
 .debug_abbrev  0x000004b2      0x2ab Drivers\STM32F1xx_HAL_Driver\Src\stm32f1xx_hal.o
 .debug_abbrev  0x0000075d      0x368 Drivers\STM32F1xx_HAL_Driver\Src\stm32f1xx_hal_cortex.o
 .debug_abbrev  0x00000ac5      0x26a Drivers\STM32F1xx_HAL_Driver\Src\stm32f1xx_hal_dma.o
 .debug_abbrev  0x00000d2f      0x24c Drivers\STM32F1xx_HAL_Driver\Src\stm32f1xx_hal_gpio.o
 .debug_abbrev  0x00000f7b      0x2d6 Drivers\STM32F1xx_HAL_Driver\Src\stm32f1xx_hal_pcd.o
 .debug_abbrev  0x00001251      0x1e6 Drivers\STM32F1xx_HAL_Driver\Src\stm32f1xx_hal_pcd_ex.o
 .debug_abbrev  0x00001437      0x2e6 Drivers\STM32F1xx_HAL_Driver\Src\stm32f1xx_hal_rcc.o
 .debug_abbrev  0x0000171d      0x223 Drivers\STM32F1xx_HAL_Driver\Src\stm32f1xx_hal_rcc_ex.o
 .debug_abbrev  0x00001940      0x2ae Drivers\STM32F1xx_HAL_Driver\Src\stm32f1xx_hal_uart.o
 .debug_abbrev  0x00001bee      0x241 Drivers\STM32F1xx_HAL_Driver\Src\stm32f1xx_ll_usb.o
 .debug_abbrev  0x00001e2f      0x25d Middlewares\ST\STM32_USB_Device_Library\Class\HID\Src\usbd_hid.o
 .debug_abbrev  0x0000208c      0x25c Middlewares\ST\STM32_USB_Device_Library\Core\Src\usbd_core.o
 .debug_abbrev  0x000022e8      0x28c Middlewares\ST\STM32_USB_Device_Library\Core\Src\usbd_ctlreq.o
 .debug_abbrev  0x00002574      0x1cc Middlewares\ST\STM32_USB_Device_Library\Core\Src\usbd_ioreq.o
 .debug_abbrev  0x00002740      0x2ae Src\main.o
 .debug_abbrev  0x000029ee      0x1f2 Src\stm32f1xx_hal_msp.o
 .debug_abbrev  0x00002be0      0x1c2 Src\stm32f1xx_it.o
 .debug_abbrev  0x00002da2      0x1eb Src\system_stm32f1xx.o
 .debug_abbrev  0x00002f8d      0x19d Src\usb_device.o
 .debug_abbrev  0x0000312a      0x2ad Src\usbd_conf.o
 .debug_abbrev  0x000033d7      0x20f Src\usbd_desc.o
 .debug_abbrev  0x000035e6       0x12 startup\startup_stm32f103xb.o

.debug_aranges  0x00000000      0xce8
 .debug_aranges
                0x00000000       0x60 Devices\Src\i2c.o
 .debug_aranges
                0x00000060       0x58 Devices\Src\touch.o
 .debug_aranges
                0x000000b8       0xd0 Drivers\STM32F1xx_HAL_Driver\Src\stm32f1xx_hal.o
 .debug_aranges
                0x00000188      0x100 Drivers\STM32F1xx_HAL_Driver\Src\stm32f1xx_hal_cortex.o
 .debug_aranges
                0x00000288       0x80 Drivers\STM32F1xx_HAL_Driver\Src\stm32f1xx_hal_dma.o
 .debug_aranges
                0x00000308       0x58 Drivers\STM32F1xx_HAL_Driver\Src\stm32f1xx_hal_gpio.o
 .debug_aranges
                0x00000360      0x120 Drivers\STM32F1xx_HAL_Driver\Src\stm32f1xx_hal_pcd.o
 .debug_aranges
                0x00000480       0x28 Drivers\STM32F1xx_HAL_Driver\Src\stm32f1xx_hal_pcd_ex.o
 .debug_aranges
                0x000004a8       0x90 Drivers\STM32F1xx_HAL_Driver\Src\stm32f1xx_hal_rcc.o
 .debug_aranges
                0x00000538       0x30 Drivers\STM32F1xx_HAL_Driver\Src\stm32f1xx_hal_rcc_ex.o
 .debug_aranges
                0x00000568      0x1d0 Drivers\STM32F1xx_HAL_Driver\Src\stm32f1xx_hal_uart.o
 .debug_aranges
                0x00000738      0x100 Drivers\STM32F1xx_HAL_Driver\Src\stm32f1xx_ll_usb.o
 .debug_aranges
                0x00000838       0x58 Middlewares\ST\STM32_USB_Device_Library\Class\HID\Src\usbd_hid.o
 .debug_aranges
                0x00000890       0xb8 Middlewares\ST\STM32_USB_Device_Library\Core\Src\usbd_core.o
 .debug_aranges
                0x00000948       0x88 Middlewares\ST\STM32_USB_Device_Library\Core\Src\usbd_ctlreq.o
 .debug_aranges
                0x000009d0       0x50 Middlewares\ST\STM32_USB_Device_Library\Core\Src\usbd_ioreq.o
 .debug_aranges
                0x00000a20       0x50 Src\main.o
 .debug_aranges
                0x00000a70       0x30 Src\stm32f1xx_hal_msp.o
 .debug_aranges
                0x00000aa0       0x78 Src\stm32f1xx_it.o
 .debug_aranges
                0x00000b18       0x28 Src\system_stm32f1xx.o
 .debug_aranges
                0x00000b40       0x20 Src\usb_device.o
 .debug_aranges
                0x00000b60      0x110 Src\usbd_conf.o
 .debug_aranges
                0x00000c70       0x50 Src\usbd_desc.o
 .debug_aranges
                0x00000cc0       0x28 startup\startup_stm32f103xb.o

.debug_ranges   0x00000000      0xb70
 .debug_ranges  0x00000000       0x50 Devices\Src\i2c.o
 .debug_ranges  0x00000050       0x48 Devices\Src\touch.o
 .debug_ranges  0x00000098       0xc0 Drivers\STM32F1xx_HAL_Driver\Src\stm32f1xx_hal.o
 .debug_ranges  0x00000158       0xf0 Drivers\STM32F1xx_HAL_Driver\Src\stm32f1xx_hal_cortex.o
 .debug_ranges  0x00000248       0x70 Drivers\STM32F1xx_HAL_Driver\Src\stm32f1xx_hal_dma.o
 .debug_ranges  0x000002b8       0x48 Drivers\STM32F1xx_HAL_Driver\Src\stm32f1xx_hal_gpio.o
 .debug_ranges  0x00000300      0x110 Drivers\STM32F1xx_HAL_Driver\Src\stm32f1xx_hal_pcd.o
 .debug_ranges  0x00000410       0x18 Drivers\STM32F1xx_HAL_Driver\Src\stm32f1xx_hal_pcd_ex.o
 .debug_ranges  0x00000428       0x80 Drivers\STM32F1xx_HAL_Driver\Src\stm32f1xx_hal_rcc.o
 .debug_ranges  0x000004a8       0x20 Drivers\STM32F1xx_HAL_Driver\Src\stm32f1xx_hal_rcc_ex.o
 .debug_ranges  0x000004c8      0x1c0 Drivers\STM32F1xx_HAL_Driver\Src\stm32f1xx_hal_uart.o
 .debug_ranges  0x00000688       0xf0 Drivers\STM32F1xx_HAL_Driver\Src\stm32f1xx_ll_usb.o
 .debug_ranges  0x00000778       0x48 Middlewares\ST\STM32_USB_Device_Library\Class\HID\Src\usbd_hid.o
 .debug_ranges  0x000007c0       0xa8 Middlewares\ST\STM32_USB_Device_Library\Core\Src\usbd_core.o
 .debug_ranges  0x00000868       0x78 Middlewares\ST\STM32_USB_Device_Library\Core\Src\usbd_ctlreq.o
 .debug_ranges  0x000008e0       0x40 Middlewares\ST\STM32_USB_Device_Library\Core\Src\usbd_ioreq.o
 .debug_ranges  0x00000920       0x40 Src\main.o
 .debug_ranges  0x00000960       0x20 Src\stm32f1xx_hal_msp.o
 .debug_ranges  0x00000980       0x68 Src\stm32f1xx_it.o
 .debug_ranges  0x000009e8       0x18 Src\system_stm32f1xx.o
 .debug_ranges  0x00000a00       0x10 Src\usb_device.o
 .debug_ranges  0x00000a10      0x100 Src\usbd_conf.o
 .debug_ranges  0x00000b10       0x40 Src\usbd_desc.o
 .debug_ranges  0x00000b50       0x20 startup\startup_stm32f103xb.o

.debug_line     0x00000000     0x709f
 .debug_line    0x00000000      0x403 Devices\Src\i2c.o
 .debug_line    0x00000403      0x473 Devices\Src\touch.o
 .debug_line    0x00000876      0x458 Drivers\STM32F1xx_HAL_Driver\Src\stm32f1xx_hal.o
 .debug_line    0x00000cce      0x508 Drivers\STM32F1xx_HAL_Driver\Src\stm32f1xx_hal_cortex.o
 .debug_line    0x000011d6      0x6f1 Drivers\STM32F1xx_HAL_Driver\Src\stm32f1xx_hal_dma.o
 .debug_line    0x000018c7      0x4a4 Drivers\STM32F1xx_HAL_Driver\Src\stm32f1xx_hal_gpio.o
 .debug_line    0x00001d6b      0x787 Drivers\STM32F1xx_HAL_Driver\Src\stm32f1xx_hal_pcd.o
 .debug_line    0x000024f2      0x2e7 Drivers\STM32F1xx_HAL_Driver\Src\stm32f1xx_hal_pcd_ex.o
 .debug_line    0x000027d9      0x592 Drivers\STM32F1xx_HAL_Driver\Src\stm32f1xx_hal_rcc.o
 .debug_line    0x00002d6b      0x36e Drivers\STM32F1xx_HAL_Driver\Src\stm32f1xx_hal_rcc_ex.o
 .debug_line    0x000030d9      0xb94 Drivers\STM32F1xx_HAL_Driver\Src\stm32f1xx_hal_uart.o
 .debug_line    0x00003c6d      0x72a Drivers\STM32F1xx_HAL_Driver\Src\stm32f1xx_ll_usb.o
 .debug_line    0x00004397      0x42b Middlewares\ST\STM32_USB_Device_Library\Class\HID\Src\usbd_hid.o
 .debug_line    0x000047c2      0x4e2 Middlewares\ST\STM32_USB_Device_Library\Core\Src\usbd_core.o
 .debug_line    0x00004ca4      0x53c Middlewares\ST\STM32_USB_Device_Library\Core\Src\usbd_ctlreq.o
 .debug_line    0x000051e0      0x37d Middlewares\ST\STM32_USB_Device_Library\Core\Src\usbd_ioreq.o
 .debug_line    0x0000555d      0x46e Src\main.o
 .debug_line    0x000059cb      0x300 Src\stm32f1xx_hal_msp.o
 .debug_line    0x00005ccb      0x3a4 Src\stm32f1xx_it.o
 .debug_line    0x0000606f      0x28f Src\system_stm32f1xx.o
 .debug_line    0x000062fe      0x345 Src\usb_device.o
 .debug_line    0x00006643      0x679 Src\usbd_conf.o
 .debug_line    0x00006cbc      0x366 Src\usbd_desc.o
 .debug_line    0x00007022       0x7d startup\startup_stm32f103xb.o

.debug_str      0x00000000     0x377e
 .debug_str     0x00000000      0x660 Devices\Src\i2c.o
                                0x70b (size before relaxing)
 .debug_str     0x00000660      0x44c Devices\Src\touch.o
                                0xae9 (size before relaxing)
 .debug_str     0x00000aac      0x610 Drivers\STM32F1xx_HAL_Driver\Src\stm32f1xx_hal.o
                                0xc2d (size before relaxing)
 .debug_str     0x000010bc      0x320 Drivers\STM32F1xx_HAL_Driver\Src\stm32f1xx_hal_cortex.o
                                0xd20 (size before relaxing)
 .debug_str     0x000013dc      0x3f0 Drivers\STM32F1xx_HAL_Driver\Src\stm32f1xx_hal_dma.o
                                0xa78 (size before relaxing)
 .debug_str     0x000017cc      0x150 Drivers\STM32F1xx_HAL_Driver\Src\stm32f1xx_hal_gpio.o
                                0x88d (size before relaxing)
 .debug_str     0x0000191c      0x5ec Drivers\STM32F1xx_HAL_Driver\Src\stm32f1xx_hal_pcd.o
                                0xce6 (size before relaxing)
 .debug_str     0x00001f08       0x74 Drivers\STM32F1xx_HAL_Driver\Src\stm32f1xx_hal_pcd_ex.o
                                0x9b2 (size before relaxing)
 .debug_str     0x00001f7c      0x31f Drivers\STM32F1xx_HAL_Driver\Src\stm32f1xx_hal_rcc.o
                                0xa3d (size before relaxing)
 .debug_str     0x0000229b      0x12b Drivers\STM32F1xx_HAL_Driver\Src\stm32f1xx_hal_rcc_ex.o
                                0x827 (size before relaxing)
 .debug_str     0x000023c6      0x6dc Drivers\STM32F1xx_HAL_Driver\Src\stm32f1xx_hal_uart.o
                                0xf6f (size before relaxing)
 .debug_str     0x00002aa2      0x2d3 Drivers\STM32F1xx_HAL_Driver\Src\stm32f1xx_ll_usb.o
                                0xb85 (size before relaxing)
 .debug_str     0x00002d75      0x1f0 Middlewares\ST\STM32_USB_Device_Library\Class\HID\Src\usbd_hid.o
                                0xbac (size before relaxing)
 .debug_str     0x00002f65      0x1c1 Middlewares\ST\STM32_USB_Device_Library\Core\Src\usbd_core.o
                                0xb9e (size before relaxing)
 .debug_str     0x00003126      0x12f Middlewares\ST\STM32_USB_Device_Library\Core\Src\usbd_ctlreq.o
                                0xb24 (size before relaxing)
 .debug_str     0x00003255       0xc9 Middlewares\ST\STM32_USB_Device_Library\Core\Src\usbd_ioreq.o
                                0xaac (size before relaxing)
 .debug_str     0x0000331e       0x7b Src\main.o
                               0x1322 (size before relaxing)
 .debug_str     0x00003399       0x1b Src\stm32f1xx_hal_msp.o
                                0xd69 (size before relaxing)
 .debug_str     0x000033b4       0xf2 Src\stm32f1xx_it.o
                                0xd1d (size before relaxing)
 .debug_str     0x000034a6       0x4d Src\system_stm32f1xx.o
                                0x6f6 (size before relaxing)
 .debug_str     0x000034f3       0x27 Src\usb_device.o
                                0x9e7 (size before relaxing)
 .debug_str     0x0000351a      0x156 Src\usbd_conf.o
                               0x1356 (size before relaxing)
 .debug_str     0x00003670      0x10e Src\usbd_desc.o
                                0x84f (size before relaxing)

.comment        0x00000000       0x7c
 .comment       0x00000000       0x7c Devices\Src\i2c.o
                                 0x7d (size before relaxing)
 .comment       0x0000007c       0x7d Devices\Src\touch.o
 .comment       0x0000007c       0x7d Drivers\STM32F1xx_HAL_Driver\Src\stm32f1xx_hal.o
 .comment       0x0000007c       0x7d Drivers\STM32F1xx_HAL_Driver\Src\stm32f1xx_hal_cortex.o
 .comment       0x0000007c       0x7d Drivers\STM32F1xx_HAL_Driver\Src\stm32f1xx_hal_dma.o
 .comment       0x0000007c       0x7d Drivers\STM32F1xx_HAL_Driver\Src\stm32f1xx_hal_gpio.o
 .comment       0x0000007c       0x7d Drivers\STM32F1xx_HAL_Driver\Src\stm32f1xx_hal_pcd.o
 .comment       0x0000007c       0x7d Drivers\STM32F1xx_HAL_Driver\Src\stm32f1xx_hal_pcd_ex.o
 .comment       0x0000007c       0x7d Drivers\STM32F1xx_HAL_Driver\Src\stm32f1xx_hal_rcc.o
 .comment       0x0000007c       0x7d Drivers\STM32F1xx_HAL_Driver\Src\stm32f1xx_hal_rcc_ex.o
 .comment       0x0000007c       0x7d Drivers\STM32F1xx_HAL_Driver\Src\stm32f1xx_hal_uart.o
 .comment       0x0000007c       0x7d Drivers\STM32F1xx_HAL_Driver\Src\stm32f1xx_ll_usb.o
 .comment       0x0000007c       0x7d Middlewares\ST\STM32_USB_Device_Library\Class\HID\Src\usbd_hid.o
 .comment       0x0000007c       0x7d Middlewares\ST\STM32_USB_Device_Library\Core\Src\usbd_core.o
 .comment       0x0000007c       0x7d Middlewares\ST\STM32_USB_Device_Library\Core\Src\usbd_ctlreq.o
 .comment       0x0000007c       0x7d Middlewares\ST\STM32_USB_Device_Library\Core\Src\usbd_ioreq.o
 .comment       0x0000007c       0x7d Src\main.o
 .comment       0x0000007c       0x7d Src\stm32f1xx_hal_msp.o
 .comment       0x0000007c       0x7d Src\stm32f1xx_it.o
 .comment       0x0000007c       0x7d Src\system_stm32f1xx.o
 .comment       0x0000007c       0x7d Src\usb_device.o
 .comment       0x0000007c       0x7d Src\usbd_conf.o
 .comment       0x0000007c       0x7d Src\usbd_desc.o

.debug_frame    0x00000000     0x3a58
 .debug_frame   0x00000000      0x144 Devices\Src\i2c.o
 .debug_frame   0x00000144      0x138 Devices\Src\touch.o
 .debug_frame   0x0000027c      0x2fc Drivers\STM32F1xx_HAL_Driver\Src\stm32f1xx_hal.o
 .debug_frame   0x00000578      0x428 Drivers\STM32F1xx_HAL_Driver\Src\stm32f1xx_hal_cortex.o
 .debug_frame   0x000009a0      0x208 Drivers\STM32F1xx_HAL_Driver\Src\stm32f1xx_hal_dma.o
 .debug_frame   0x00000ba8      0x14c Drivers\STM32F1xx_HAL_Driver\Src\stm32f1xx_hal_gpio.o
 .debug_frame   0x00000cf4      0x4fc Drivers\STM32F1xx_HAL_Driver\Src\stm32f1xx_hal_pcd.o
 .debug_frame   0x000011f0       0x60 Drivers\STM32F1xx_HAL_Driver\Src\stm32f1xx_hal_pcd_ex.o
 .debug_frame   0x00001250      0x21c Drivers\STM32F1xx_HAL_Driver\Src\stm32f1xx_hal_rcc.o
 .debug_frame   0x0000146c       0x84 Drivers\STM32F1xx_HAL_Driver\Src\stm32f1xx_hal_rcc_ex.o
 .debug_frame   0x000014f0      0x83c Drivers\STM32F1xx_HAL_Driver\Src\stm32f1xx_hal_uart.o
 .debug_frame   0x00001d2c      0x4b4 Drivers\STM32F1xx_HAL_Driver\Src\stm32f1xx_ll_usb.o
 .debug_frame   0x000021e0      0x140 Middlewares\ST\STM32_USB_Device_Library\Class\HID\Src\usbd_hid.o
 .debug_frame   0x00002320      0x300 Middlewares\ST\STM32_USB_Device_Library\Core\Src\usbd_core.o
 .debug_frame   0x00002620      0x210 Middlewares\ST\STM32_USB_Device_Library\Core\Src\usbd_ctlreq.o
 .debug_frame   0x00002830      0x10c Middlewares\ST\STM32_USB_Device_Library\Core\Src\usbd_ioreq.o
 .debug_frame   0x0000293c       0xf4 Src\main.o
 .debug_frame   0x00002a30       0x7c Src\stm32f1xx_hal_msp.o
 .debug_frame   0x00002aac      0x160 Src\stm32f1xx_it.o
 .debug_frame   0x00002c0c       0x58 Src\system_stm32f1xx.o
 .debug_frame   0x00002c64       0x2c Src\usb_device.o
 .debug_frame   0x00002c90      0x47c Src\usbd_conf.o
 .debug_frame   0x0000310c      0x114 Src\usbd_desc.o
 .debug_frame   0x00003220       0x2c c:/program files (x86)/atollic/truestudio for stm32 9.0.1/armtools/bin/../lib/gcc/arm-atollic-eabi/6.3.1/../../../../arm-atollic-eabi/lib/armv7-m\libc_nano.a(lib_a-init.o)
 .debug_frame   0x0000324c       0x20 c:/program files (x86)/atollic/truestudio for stm32 9.0.1/armtools/bin/../lib/gcc/arm-atollic-eabi/6.3.1/../../../../arm-atollic-eabi/lib/armv7-m\libc_nano.a(lib_a-memset.o)
 .debug_frame   0x0000326c       0x74 c:/program files (x86)/atollic/truestudio for stm32 9.0.1/armtools/bin/../lib/gcc/arm-atollic-eabi/6.3.1/../../../../arm-atollic-eabi/lib/armv7-m\libc_nano.a(lib_a-printf.o)
 .debug_frame   0x000032e0       0x3c c:/program files (x86)/atollic/truestudio for stm32 9.0.1/armtools/bin/../lib/gcc/arm-atollic-eabi/6.3.1/../../../../arm-atollic-eabi/lib/armv7-m\libc_nano.a(lib_a-puts.o)
 .debug_frame   0x0000331c       0x40 c:/program files (x86)/atollic/truestudio for stm32 9.0.1/armtools/bin/../lib/gcc/arm-atollic-eabi/6.3.1/../../../../arm-atollic-eabi/lib/armv7-m\libc_nano.a(lib_a-wbuf.o)
 .debug_frame   0x0000335c       0x2c c:/program files (x86)/atollic/truestudio for stm32 9.0.1/armtools/bin/../lib/gcc/arm-atollic-eabi/6.3.1/../../../../arm-atollic-eabi/lib/armv7-m\libc_nano.a(lib_a-wsetup.o)
 .debug_frame   0x00003388       0x68 c:/program files (x86)/atollic/truestudio for stm32 9.0.1/armtools/bin/../lib/gcc/arm-atollic-eabi/6.3.1/../../../../arm-atollic-eabi/lib/armv7-m\libc_nano.a(lib_a-fflush.o)
 .debug_frame   0x000033f0      0x11c c:/program files (x86)/atollic/truestudio for stm32 9.0.1/armtools/bin/../lib/gcc/arm-atollic-eabi/6.3.1/../../../../arm-atollic-eabi/lib/armv7-m\libc_nano.a(lib_a-findfp.o)
 .debug_frame   0x0000350c       0x54 c:/program files (x86)/atollic/truestudio for stm32 9.0.1/armtools/bin/../lib/gcc/arm-atollic-eabi/6.3.1/../../../../arm-atollic-eabi/lib/armv7-m\libc_nano.a(lib_a-fwalk.o)
 .debug_frame   0x00003560       0x58 c:/program files (x86)/atollic/truestudio for stm32 9.0.1/armtools/bin/../lib/gcc/arm-atollic-eabi/6.3.1/../../../../arm-atollic-eabi/lib/armv7-m\libc_nano.a(lib_a-makebuf.o)
 .debug_frame   0x000035b8       0x38 c:/program files (x86)/atollic/truestudio for stm32 9.0.1/armtools/bin/../lib/gcc/arm-atollic-eabi/6.3.1/../../../../arm-atollic-eabi/lib/armv7-m\libc_nano.a(lib_a-nano-freer.o)
 .debug_frame   0x000035f0       0x2c c:/program files (x86)/atollic/truestudio for stm32 9.0.1/armtools/bin/../lib/gcc/arm-atollic-eabi/6.3.1/../../../../arm-atollic-eabi/lib/armv7-m\libc_nano.a(lib_a-nano-mallocr.o)
 .debug_frame   0x0000361c       0xac c:/program files (x86)/atollic/truestudio for stm32 9.0.1/armtools/bin/../lib/gcc/arm-atollic-eabi/6.3.1/../../../../arm-atollic-eabi/lib/armv7-m\libc_nano.a(lib_a-nano-vfprintf.o)
 .debug_frame   0x000036c8       0x60 c:/program files (x86)/atollic/truestudio for stm32 9.0.1/armtools/bin/../lib/gcc/arm-atollic-eabi/6.3.1/../../../../arm-atollic-eabi/lib/armv7-m\libc_nano.a(lib_a-nano-vfprintf_i.o)
 .debug_frame   0x00003728       0x2c c:/program files (x86)/atollic/truestudio for stm32 9.0.1/armtools/bin/../lib/gcc/arm-atollic-eabi/6.3.1/../../../../arm-atollic-eabi/lib/armv7-m\libc_nano.a(lib_a-sbrkr.o)
 .debug_frame   0x00003754       0x88 c:/program files (x86)/atollic/truestudio for stm32 9.0.1/armtools/bin/../lib/gcc/arm-atollic-eabi/6.3.1/../../../../arm-atollic-eabi/lib/armv7-m\libc_nano.a(lib_a-stdio.o)
 .debug_frame   0x000037dc       0x2c c:/program files (x86)/atollic/truestudio for stm32 9.0.1/armtools/bin/../lib/gcc/arm-atollic-eabi/6.3.1/../../../../arm-atollic-eabi/lib/armv7-m\libc_nano.a(lib_a-writer.o)
 .debug_frame   0x00003808       0x2c c:/program files (x86)/atollic/truestudio for stm32 9.0.1/armtools/bin/../lib/gcc/arm-atollic-eabi/6.3.1/../../../../arm-atollic-eabi/lib/armv7-m\libc_nano.a(lib_a-closer.o)
 .debug_frame   0x00003834       0x2c c:/program files (x86)/atollic/truestudio for stm32 9.0.1/armtools/bin/../lib/gcc/arm-atollic-eabi/6.3.1/../../../../arm-atollic-eabi/lib/armv7-m\libc_nano.a(lib_a-fstatr.o)
 .debug_frame   0x00003860       0x2c c:/program files (x86)/atollic/truestudio for stm32 9.0.1/armtools/bin/../lib/gcc/arm-atollic-eabi/6.3.1/../../../../arm-atollic-eabi/lib/armv7-m\libc_nano.a(lib_a-isattyr.o)
 .debug_frame   0x0000388c       0x2c c:/program files (x86)/atollic/truestudio for stm32 9.0.1/armtools/bin/../lib/gcc/arm-atollic-eabi/6.3.1/../../../../arm-atollic-eabi/lib/armv7-m\libc_nano.a(lib_a-lseekr.o)
 .debug_frame   0x000038b8       0x28 c:/program files (x86)/atollic/truestudio for stm32 9.0.1/armtools/bin/../lib/gcc/arm-atollic-eabi/6.3.1/../../../../arm-atollic-eabi/lib/armv7-m\libc_nano.a(lib_a-memchr-stub.o)
 .debug_frame   0x000038e0       0x30 c:/program files (x86)/atollic/truestudio for stm32 9.0.1/armtools/bin/../lib/gcc/arm-atollic-eabi/6.3.1/../../../../arm-atollic-eabi/lib/armv7-m\libc_nano.a(lib_a-mlock.o)
 .debug_frame   0x00003910       0x2c c:/program files (x86)/atollic/truestudio for stm32 9.0.1/armtools/bin/../lib/gcc/arm-atollic-eabi/6.3.1/../../../../arm-atollic-eabi/lib/armv7-m\libc_nano.a(lib_a-readr.o)
 .debug_frame   0x0000393c       0x5c c:/program files (x86)/atollic/truestudio for stm32 9.0.1/armtools/bin/../lib/gcc/arm-atollic-eabi/6.3.1/../../../../arm-atollic-eabi/lib/armv7-m\libc_nano.a(lib_a-reent.o)
 .debug_frame   0x00003998       0x20 c:/program files (x86)/atollic/truestudio for stm32 9.0.1/armtools/bin/../lib/gcc/arm-atollic-eabi/6.3.1/../../../../arm-atollic-eabi/lib/armv7-m\libnosys.a(close.o)
 .debug_frame   0x000039b8       0x20 c:/program files (x86)/atollic/truestudio for stm32 9.0.1/armtools/bin/../lib/gcc/arm-atollic-eabi/6.3.1/../../../../arm-atollic-eabi/lib/armv7-m\libnosys.a(fstat.o)
 .debug_frame   0x000039d8       0x20 c:/program files (x86)/atollic/truestudio for stm32 9.0.1/armtools/bin/../lib/gcc/arm-atollic-eabi/6.3.1/../../../../arm-atollic-eabi/lib/armv7-m\libnosys.a(isatty.o)
 .debug_frame   0x000039f8       0x20 c:/program files (x86)/atollic/truestudio for stm32 9.0.1/armtools/bin/../lib/gcc/arm-atollic-eabi/6.3.1/../../../../arm-atollic-eabi/lib/armv7-m\libnosys.a(lseek.o)
 .debug_frame   0x00003a18       0x20 c:/program files (x86)/atollic/truestudio for stm32 9.0.1/armtools/bin/../lib/gcc/arm-atollic-eabi/6.3.1/../../../../arm-atollic-eabi/lib/armv7-m\libnosys.a(read.o)
 .debug_frame   0x00003a38       0x20 c:/program files (x86)/atollic/truestudio for stm32 9.0.1/armtools/bin/../lib/gcc/arm-atollic-eabi/6.3.1/../../../../arm-atollic-eabi/lib/armv7-m\libnosys.a(sbrk.o)

.stab           0x00000000       0x84
 .stab          0x00000000       0x24 c:/program files (x86)/atollic/truestudio for stm32 9.0.1/armtools/bin/../lib/gcc/arm-atollic-eabi/6.3.1/../../../../arm-atollic-eabi/lib/armv7-m\libnosys.a(close.o)
 .stab          0x00000024       0x18 c:/program files (x86)/atollic/truestudio for stm32 9.0.1/armtools/bin/../lib/gcc/arm-atollic-eabi/6.3.1/../../../../arm-atollic-eabi/lib/armv7-m\libnosys.a(fstat.o)
                                 0x24 (size before relaxing)
 .stab          0x0000003c       0x18 c:/program files (x86)/atollic/truestudio for stm32 9.0.1/armtools/bin/../lib/gcc/arm-atollic-eabi/6.3.1/../../../../arm-atollic-eabi/lib/armv7-m\libnosys.a(isatty.o)
                                 0x24 (size before relaxing)
 .stab          0x00000054       0x18 c:/program files (x86)/atollic/truestudio for stm32 9.0.1/armtools/bin/../lib/gcc/arm-atollic-eabi/6.3.1/../../../../arm-atollic-eabi/lib/armv7-m\libnosys.a(lseek.o)
                                 0x24 (size before relaxing)