usbd_conf.c:95:6:HAL_PCD_MspInit	24	static
usbd_conf.c:114:6:HAL_PCD_MspDeInit	16	static
usbd_conf.c:138:6:HAL_PCD_SetupStageCallback	16	static
usbd_conf.c:149:6:HAL_PCD_DataOutStageCallback	16	static
usbd_conf.c:160:6:HAL_PCD_DataInStageCallback	16	static
usbd_conf.c:170:6:HAL_PCD_SOFCallback	16	static
usbd_conf.c:180:6:HAL_PCD_ResetCallback	24	static
usbd_conf.c:207:6:HAL_PCD_SuspendCallback	16	static
usbd_conf.c:227:6:HAL_PCD_ResumeCallback	16	static
usbd_conf.c:241:6:HAL_PCD_ISOOUTIncompleteCallback	16	static
usbd_conf.c:252:6:HAL_PCD_ISOINIncompleteCallback	16	static
usbd_conf.c:262:6:HAL_PCD_ConnectCallback	16	static
usbd_conf.c:272:6:HAL_PCD_DisconnectCallback	16	static
usbd_conf.c:286:20:USBD_LL_Init	16	static
usbd_conf.c:316:20:USBD_LL_DeInit	24	static
usbd_conf.c:348:20:USBD_LL_Start	24	static
usbd_conf.c:380:20:USBD_LL_Stop	24	static
usbd_conf.c:415:20:USBD_LL_OpenEP	24	static
usbd_conf.c:448:20:USBD_LL_CloseEP	24	static
usbd_conf.c:481:20:USBD_LL_FlushEP	24	static
usbd_conf.c:514:20:USBD_LL_StallEP	24	static
usbd_conf.c:547:20:USBD_LL_ClearStallEP	24	static
usbd_conf.c:580:9:USBD_LL_IsStallEP	24	static
usbd_conf.c:600:20:USBD_LL_SetUSBAddress	24	static
usbd_conf.c:635:20:USBD_LL_Transmit	32	static
usbd_conf.c:670:20:USBD_LL_PrepareReceive	32	static
usbd_conf.c:703:10:USBD_LL_GetRxDataSize	16	static
usbd_conf.c:713:6:USBD_LL_Delay	16	static
usbd_conf.c:723:7:USBD_static_malloc	16	static
usbd_conf.c:734:6:USBD_static_free	16	static
usbd_conf.c:745:6:HAL_PCDEx_SetConnectionState	16	static
